Component: ARM Compiler 5.06 update 2 (build 183) Tool: armlink [4d35b7]

==============================================================================

Section Cross References

    startup_stm32g474xx.o(RESET) refers to startup_stm32g474xx.o(STACK) for __initial_sp
    startup_stm32g474xx.o(RESET) refers to startup_stm32g474xx.o(.text) for Reset_Handler
    startup_stm32g474xx.o(RESET) refers to stm32g4xx_it.o(i.NMI_Handler) for NMI_Handler
    startup_stm32g474xx.o(RESET) refers to stm32g4xx_it.o(i.HardFault_Handler) for HardFault_Handler
    startup_stm32g474xx.o(RESET) refers to stm32g4xx_it.o(i.MemManage_Handler) for MemManage_Handler
    startup_stm32g474xx.o(RESET) refers to stm32g4xx_it.o(i.BusFault_Handler) for BusFault_Handler
    startup_stm32g474xx.o(RESET) refers to stm32g4xx_it.o(i.UsageFault_Handler) for UsageFault_Handler
    startup_stm32g474xx.o(RESET) refers to stm32g4xx_it.o(i.SVC_Handler) for SVC_Handler
    startup_stm32g474xx.o(RESET) refers to stm32g4xx_it.o(i.DebugMon_Handler) for DebugMon_Handler
    startup_stm32g474xx.o(RESET) refers to stm32g4xx_it.o(i.PendSV_Handler) for PendSV_Handler
    startup_stm32g474xx.o(RESET) refers to stm32g4xx_it.o(i.SysTick_Handler) for SysTick_Handler
    startup_stm32g474xx.o(RESET) refers to stm32g4xx_it.o(i.DMA1_Channel1_IRQHandler) for DMA1_Channel1_IRQHandler
    startup_stm32g474xx.o(RESET) refers to stm32g4xx_it.o(i.DMA1_Channel5_IRQHandler) for DMA1_Channel5_IRQHandler
    startup_stm32g474xx.o(RESET) refers to stm32g4xx_it.o(i.DMA1_Channel6_IRQHandler) for DMA1_Channel6_IRQHandler
    startup_stm32g474xx.o(RESET) refers to stm32g4xx_it.o(i.TIM2_IRQHandler) for TIM2_IRQHandler
    startup_stm32g474xx.o(RESET) refers to stm32g4xx_it.o(i.USART1_IRQHandler) for USART1_IRQHandler
    startup_stm32g474xx.o(RESET) refers to stm32g4xx_it.o(i.USART2_IRQHandler) for USART2_IRQHandler
    startup_stm32g474xx.o(RESET) refers to stm32g4xx_it.o(i.USART3_IRQHandler) for USART3_IRQHandler
    startup_stm32g474xx.o(.text) refers to system_stm32g4xx.o(i.SystemInit) for SystemInit
    startup_stm32g474xx.o(.text) refers to entry.o(.ARM.Collect$$$$00000000) for __main
    my_printf.o(i.uart2_printf) refers to memseta.o(.text) for __aeabi_memclr4
    my_printf.o(i.uart2_printf) refers to printfa.o(i.__0vsnprintf) for vsnprintf
    my_printf.o(i.uart2_printf) refers to stm32g4xx_hal_uart.o(i.HAL_UART_Transmit) for HAL_UART_Transmit
    my_printf.o(i.uart2_printf) refers to usart.o(.bss) for huart2
    my_printf.o(i.uart3_printf) refers to memseta.o(.text) for __aeabi_memclr4
    my_printf.o(i.uart3_printf) refers to printfa.o(i.__0vsnprintf) for vsnprintf
    my_printf.o(i.uart3_printf) refers to stm32g4xx_hal_uart.o(i.HAL_UART_Transmit) for HAL_UART_Transmit
    my_printf.o(i.uart3_printf) refers to usart.o(.bss) for huart3
    main.o(i.SystemClock_Config) refers to memseta.o(.text) for __aeabi_memclr4
    main.o(i.SystemClock_Config) refers to stm32g4xx_hal_pwr_ex.o(i.HAL_PWREx_ControlVoltageScaling) for HAL_PWREx_ControlVoltageScaling
    main.o(i.SystemClock_Config) refers to stm32g4xx_hal_rcc.o(i.HAL_RCC_OscConfig) for HAL_RCC_OscConfig
    main.o(i.SystemClock_Config) refers to stm32g4xx_hal_rcc.o(i.HAL_RCC_ClockConfig) for HAL_RCC_ClockConfig
    main.o(i.fputc) refers to stm32g4xx_hal_uart.o(i.HAL_UART_Transmit) for HAL_UART_Transmit
    main.o(i.fputc) refers to usart.o(.bss) for huart1
    main.o(i.main) refers to stm32g4xx_hal.o(i.HAL_Init) for HAL_Init
    main.o(i.main) refers to main.o(i.SystemClock_Config) for SystemClock_Config
    main.o(i.main) refers to gpio.o(i.MX_GPIO_Init) for MX_GPIO_Init
    main.o(i.main) refers to dma.o(i.MX_DMA_Init) for MX_DMA_Init
    main.o(i.main) refers to tim.o(i.MX_TIM2_Init) for MX_TIM2_Init
    main.o(i.main) refers to usart.o(i.MX_USART1_UART_Init) for MX_USART1_UART_Init
    main.o(i.main) refers to usart.o(i.MX_USART2_UART_Init) for MX_USART2_UART_Init
    main.o(i.main) refers to i2c.o(i.MX_I2C1_Init) for MX_I2C1_Init
    main.o(i.main) refers to tim.o(i.MX_TIM3_Init) for MX_TIM3_Init
    main.o(i.main) refers to adc.o(i.MX_ADC1_Init) for MX_ADC1_Init
    main.o(i.main) refers to tim.o(i.MX_TIM4_Init) for MX_TIM4_Init
    main.o(i.main) refers to usart.o(i.MX_USART3_UART_Init) for MX_USART3_UART_Init
    main.o(i.main) refers to adc.o(i.MX_ADC2_Init) for MX_ADC2_Init
    main.o(i.main) refers to stm32g4xx_hal_tim.o(i.HAL_TIM_Base_Start_IT) for HAL_TIM_Base_Start_IT
    main.o(i.main) refers to stm32g4xx_hal_tim.o(i.HAL_TIM_PWM_Start) for HAL_TIM_PWM_Start
    main.o(i.main) refers to stm32g4xx_hal_uart.o(i.HAL_UART_Receive_IT) for HAL_UART_Receive_IT
    main.o(i.main) refers to my_printf.o(i.uart2_printf) for uart2_printf
    main.o(i.main) refers to my_printf.o(i.uart3_printf) for uart3_printf
    main.o(i.main) refers to sg90.o(i.SG90_Rotate) for SG90_Rotate
    main.o(i.main) refers to datatask.o(i.DataTask) for DataTask
    main.o(i.main) refers to tim.o(.bss) for htim2
[...]
    LL_ADC_GetOffsetChannel                  0x080049e1   Thumb Code    12  stm32g4xx_hal_adc.o(i.LL_ADC_GetOffsetChannel)
    i.LL_ADC_INJ_IsConversionOngoing         0x080049ec   Section        0  stm32g4xx_hal_adc.o(i.LL_ADC_INJ_IsConversionOngoing)
    LL_ADC_INJ_IsConversionOngoing           0x080049ed   Thumb Code     8  stm32g4xx_hal_adc.o(i.LL_ADC_INJ_IsConversionOngoing)
    i.LL_ADC_REG_IsConversionOngoing         0x080049f4   Section        0  stm32g4xx_hal_adc.o(i.LL_ADC_REG_IsConversionOngoing)
    LL_ADC_REG_IsConversionOngoing           0x080049f5   Thumb Code     8  stm32g4xx_hal_adc.o(i.LL_ADC_REG_IsConversionOngoing)
    i.LL_ADC_REG_IsConversionOngoing         0x080049fc   Section        0  stm32g4xx_hal_adc_ex.o(i.LL_ADC_REG_IsConversionOngoing)
    LL_ADC_REG_IsConversionOngoing           0x080049fd   Thumb Code     8  stm32g4xx_hal_adc_ex.o(i.LL_ADC_REG_IsConversionOngoing)
    i.LL_ADC_REG_IsTriggerSourceSWStart      0x08004a04   Section        0  stm32g4xx_hal_adc.o(i.LL_ADC_REG_IsTriggerSourceSWStart)
    LL_ADC_REG_IsTriggerSourceSWStart        0x08004a05   Thumb Code    16  stm32g4xx_hal_adc.o(i.LL_ADC_REG_IsTriggerSourceSWStart)
    i.LL_ADC_SetChannelSamplingTime          0x08004a14   Section        0  stm32g4xx_hal_adc.o(i.LL_ADC_SetChannelSamplingTime)
    LL_ADC_SetChannelSamplingTime            0x08004a15   Thumb Code    30  stm32g4xx_hal_adc.o(i.LL_ADC_SetChannelSamplingTime)
    i.LL_ADC_SetOffsetState                  0x08004a32   Section        0  stm32g4xx_hal_adc.o(i.LL_ADC_SetOffsetState)
    LL_ADC_SetOffsetState                    0x08004a33   Thumb Code    16  stm32g4xx_hal_adc.o(i.LL_ADC_SetOffsetState)
    i.MX_ADC1_Init                           0x08004a44   Section        0  adc.o(i.MX_ADC1_Init)
    i.MX_ADC2_Init                           0x08004ad4   Section        0  adc.o(i.MX_ADC2_Init)
    i.MX_DMA_Init                            0x08004b50   Section        0  dma.o(i.MX_DMA_Init)
    i.MX_GPIO_Init                           0x08004bac   Section        0  gpio.o(i.MX_GPIO_Init)
    i.MX_I2C1_Init                           0x08004c54   Section        0  i2c.o(i.MX_I2C1_Init)
    i.MX_TIM2_Init                           0x08004cac   Section        0  tim.o(i.MX_TIM2_Init)
    i.MX_TIM3_Init                           0x08004d14   Section        0  tim.o(i.MX_TIM3_Init)
    i.MX_TIM4_Init                           0x08004db0   Section        0  tim.o(i.MX_TIM4_Init)
    i.MX_USART1_UART_Init                    0x08004e48   Section        0  usart.o(i.MX_USART1_UART_Init)
    i.MX_USART2_UART_Init                    0x08004eb0   Section        0  usart.o(i.MX_USART2_UART_Init)
    i.MX_USART3_UART_Init                    0x08004f18   Section        0  usart.o(i.MX_USART3_UART_Init)
    i.MemManage_Handler                      0x08004f94   Section        0  stm32g4xx_it.o(i.MemManage_Handler)
    i.ModeFirst                              0x08004f98   Section        0  ws2812b.o(i.ModeFirst)
    i.ModeSecond                             0x0800503c   Section        0  ws2812b.o(i.ModeSecond)
    i.ModeThird                              0x080050e4   Section        0  ws2812b.o(i.ModeThird)
    i.Mode_RaninBow                          0x08005190   Section        0  ws2812b.o(i.Mode_RaninBow)
    i.NMI_Handler                            0x08005244   Section        0  stm32g4xx_it.o(i.NMI_Handler)
    i.OFFRGB                                 0x08005248   Section        0  ws2812b.o(i.OFFRGB)
    i.PendSV_Handler                         0x0800527c   Section        0  stm32g4xx_it.o(i.PendSV_Handler)
    i.SG90_Mode                              0x08005280   Section        0  sg90.o(i.SG90_Mode)
    i.SG90_Rotate                            0x080052f8   Section        0  sg90.o(i.SG90_Rotate)
    i.SVC_Handler                            0x08005304   Section        0  stm32g4xx_it.o(i.SVC_Handler)
    i.SysTick_Handler                        0x08005306   Section        0  stm32g4xx_it.o(i.SysTick_Handler)
    i.SystemClock_Config                     0x0800530a   Section        0  main.o(i.SystemClock_Config)
    i.SystemInit                             0x08005374   Section        0  system_stm32g4xx.o(i.SystemInit)
    i.TDS_Task                               0x08005384   Section        0  datatask.o(i.TDS_Task)
    i.TIM2_IRQHandler                        0x080054f8   Section        0  stm32g4xx_it.o(i.TIM2_IRQHandler)
    i.TIM_Base_SetConfig                     0x08005504   Section        0  stm32g4xx_hal_tim.o(i.TIM_Base_SetConfig)
    i.TIM_CCxChannelCmd                      0x080055d8   Section        0  stm32g4xx_hal_tim.o(i.TIM_CCxChannelCmd)
    i.TIM_DMADelayPulseCplt                  0x080055f2   Section        0  stm32g4xx_hal_tim.o(i.TIM_DMADelayPulseCplt)
    TIM_DMADelayPulseCplt                    0x080055f3   Thumb Code    94  stm32g4xx_hal_tim.o(i.TIM_DMADelayPulseCplt)
    i.TIM_DMADelayPulseHalfCplt              0x08005650   Section        0  stm32g4xx_hal_tim.o(i.TIM_DMADelayPulseHalfCplt)
    i.TIM_DMAError                           0x08005688   Section        0  stm32g4xx_hal_tim.o(i.TIM_DMAError)
    i.TIM_ETR_SetConfig                      0x080056dc   Section        0  stm32g4xx_hal_tim.o(i.TIM_ETR_SetConfig)
    i.TIM_ITRx_SetConfig                     0x080056f0   Section        0  stm32g4xx_hal_tim.o(i.TIM_ITRx_SetConfig)
    TIM_ITRx_SetConfig                       0x080056f1   Thumb Code    16  stm32g4xx_hal_tim.o(i.TIM_ITRx_SetConfig)
    i.TIM_OC1_SetConfig                      0x08005704   Section        0  stm32g4xx_hal_tim.o(i.TIM_OC1_SetConfig)
    TIM_OC1_SetConfig                        0x08005705   Thumb Code   144  stm32g4xx_hal_tim.o(i.TIM_OC1_SetConfig)
    i.TIM_OC2_SetConfig                      0x080057b0   Section        0  stm32g4xx_hal_tim.o(i.TIM_OC2_SetConfig)
    i.TIM_OC3_SetConfig                      0x08005850   Section        0  stm32g4xx_hal_tim.o(i.TIM_OC3_SetConfig)
    TIM_OC3_SetConfig                        0x08005851   Thumb Code   130  stm32g4xx_hal_tim.o(i.TIM_OC3_SetConfig)
    i.TIM_OC4_SetConfig                      0x080058f0   Section        0  stm32g4xx_hal_tim.o(i.TIM_OC4_SetConfig)
    TIM_OC4_SetConfig                        0x080058f1   Thumb Code   132  stm32g4xx_hal_tim.o(i.TIM_OC4_SetConfig)
    i.TIM_OC5_SetConfig                      0x08005990   Section        0  stm32g4xx_hal_tim.o(i.TIM_OC5_SetConfig)
    TIM_OC5_SetConfig                        0x08005991   Thumb Code    92  stm32g4xx_hal_tim.o(i.TIM_OC5_SetConfig)
    i.TIM_OC6_SetConfig                      0x08005a08   Section        0  stm32g4xx_hal_tim.o(i.TIM_OC6_SetConfig)
    TIM_OC6_SetConfig                        0x08005a09   Thumb Code    94  stm32g4xx_hal_tim.o(i.TIM_OC6_SetConfig)
    i.TIM_TI1_ConfigInputStage               0x08005a84   Section        0  stm32g4xx_hal_tim.o(i.TIM_TI1_ConfigInputStage)
    TIM_TI1_ConfigInputStage                 0x08005a85   Thumb Code    34  stm32g4xx_hal_tim.o(i.TIM_TI1_ConfigInputStage)
    i.TIM_TI2_ConfigInputStage               0x08005aa6   Section        0  stm32g4xx_hal_tim.o(i.TIM_TI2_ConfigInputStage)
    TIM_TI2_ConfigInputStage                 0x08005aa7   Thumb Code    36  stm32g4xx_hal_tim.o(i.TIM_TI2_ConfigInputStage)
    i.UARTEx_SetNbDataToProcess              0x08005acc   Section        0  stm32g4xx_hal_uart_ex.o(i.UARTEx_SetNbDataToProcess)
    UARTEx_SetNbDataToProcess                0x08005acd   Thumb Code    62  stm32g4xx_hal_uart_ex.o(i.UARTEx_SetNbDataToProcess)
    i.UART_AdvFeatureConfig                  0x08005b10   Section        0  stm32g4xx_hal_uart.o(i.UART_AdvFeatureConfig)
    i.UART_CheckIdleState                    0x08005bd8   Section        0  stm32g4xx_hal_uart.o(i.UART_CheckIdleState)
    i.UART_DMAAbortOnError                   0x08005c38   Section        0  stm32g4xx_hal_uart.o(i.UART_DMAAbortOnError)
    UART_DMAAbortOnError                     0x08005c39   Thumb Code    20  stm32g4xx_hal_uart.o(i.UART_DMAAbortOnError)
    i.UART_DMAError                          0x08005c4c   Section        0  stm32g4xx_hal_uart.o(i.UART_DMAError)
    UART_DMAError                            0x08005c4d   Thumb Code    80  stm32g4xx_hal_uart.o(i.UART_DMAError)
    i.UART_DMAReceiveCplt                    0x08005c9c   Section        0  stm32g4xx_hal_uart.o(i.UART_DMAReceiveCplt)
    UART_DMAReceiveCplt                      0x08005c9d   Thumb Code   130  stm32g4xx_hal_uart.o(i.UART_DMAReceiveCplt)
    i.UART_DMARxHalfCplt                     0x08005d1e   Section        0  stm32g4xx_hal_uart.o(i.UART_DMARxHalfCplt)
    UART_DMARxHalfCplt                       0x08005d1f   Thumb Code    28  stm32g4xx_hal_uart.o(i.UART_DMARxHalfCplt)
    i.UART_EndRxTransfer                     0x08005d3c   Section        0  stm32g4xx_hal_uart.o(i.UART_EndRxTransfer)
    UART_EndRxTransfer                       0x08005d3d   Thumb Code    78  stm32g4xx_hal_uart.o(i.UART_EndRxTransfer)
    i.UART_EndTxTransfer                     0x08005d90   Section        0  stm32g4xx_hal_uart.o(i.UART_EndTxTransfer)
    UART_EndTxTransfer                       0x08005d91   Thumb Code    46  stm32g4xx_hal_uart.o(i.UART_EndTxTransfer)
    i.UART_RxISR_16BIT                       0x08005dbe   Section        0  stm32g4xx_hal_uart.o(i.UART_RxISR_16BIT)
    UART_RxISR_16BIT                         0x08005dbf   Thumb Code   162  stm32g4xx_hal_uart.o(i.UART_RxISR_16BIT)
    i.UART_RxISR_16BIT_FIFOEN                0x08005e60   Section        0  stm32g4xx_hal_uart.o(i.UART_RxISR_16BIT_FIFOEN)
    UART_RxISR_16BIT_FIFOEN                  0x08005e61   Thumb Code   364  stm32g4xx_hal_uart.o(i.UART_RxISR_16BIT_FIFOEN)
    i.UART_RxISR_8BIT                        0x08005fd4   Section        0  stm32g4xx_hal_uart.o(i.UART_RxISR_8BIT)
    UART_RxISR_8BIT                          0x08005fd5   Thumb Code   162  stm32g4xx_hal_uart.o(i.UART_RxISR_8BIT)
    i.UART_RxISR_8BIT_FIFOEN                 0x08006078   Section        0  stm32g4xx_hal_uart.o(i.UART_RxISR_8BIT_FIFOEN)
    UART_RxISR_8BIT_FIFOEN                   0x08006079   Thumb Code   364  stm32g4xx_hal_uart.o(i.UART_RxISR_8BIT_FIFOEN)
    i.UART_SetConfig                         0x080061ec   Section        0  stm32g4xx_hal_uart.o(i.UART_SetConfig)
    i.UART_Start_Receive_DMA                 0x08006484   Section        0  stm32g4xx_hal_uart.o(i.UART_Start_Receive_DMA)
    i.UART_Start_Receive_IT                  0x08006528   Section        0  stm32g4xx_hal_uart.o(i.UART_Start_Receive_IT)
    i.UART_WaitOnFlagUntilTimeout            0x08006640   Section        0  stm32g4xx_hal_uart.o(i.UART_WaitOnFlagUntilTimeout)
    i.USART1_IRQHandler                      0x08006708   Section        0  stm32g4xx_it.o(i.USART1_IRQHandler)
    i.USART2_IRQHandler                      0x08006714   Section        0  stm32g4xx_it.o(i.USART2_IRQHandler)
    i.USART3_IRQHandler                      0x08006720   Section        0  stm32g4xx_it.o(i.USART3_IRQHandler)
    i.UsageFault_Handler                     0x08006760   Section        0  stm32g4xx_it.o(i.UsageFault_Handler)
    i.__0printf                              0x08006764   Section        0  printfa.o(i.__0printf)
    i.__0vsnprintf                           0x08006784   Section        0  printfa.o(i.__0vsnprintf)
    i.__NVIC_SetPriority                     0x080067a8   Section        0  stm32g4xx_hal_cortex.o(i.__NVIC_SetPriority)
    __NVIC_SetPriority                       0x080067a9   Thumb Code    32  stm32g4xx_hal_cortex.o(i.__NVIC_SetPriority)
    i.__scatterload_copy                     0x080067c8   Section       14  handlers.o(i.__scatterload_copy)
    i.__scatterload_null                     0x080067d6   Section        2  handlers.o(i.__scatterload_null)
    i.__scatterload_zeroinit                 0x080067d8   Section       14  handlers.o(i.__scatterload_zeroinit)
    i._fp_digits                             0x080067e8   Section        0  printfa.o(i._fp_digits)
    _fp_digits                               0x080067e9   Thumb Code   334  printfa.o(i._fp_digits)
    i._printf_core                           0x0800694c   Section        0  printfa.o(i._printf_core)
    _printf_core                             0x0800694d   Thumb Code  1744  printfa.o(i._printf_core)
    i._printf_post_padding                   0x08007028   Section        0  printfa.o(i._printf_post_padding)
    _printf_post_padding                     0x08007029   Thumb Code    36  printfa.o(i._printf_post_padding)
    i._printf_pre_padding                    0x0800704c   Section        0  printfa.o(i._printf_pre_padding)
    _printf_pre_padding                      0x0800704d   Thumb Code    46  printfa.o(i._printf_pre_padding)
    i._snputc                                0x0800707a   Section        0  printfa.o(i._snputc)
    _snputc                                  0x0800707b   Thumb Code    22  printfa.o(i._snputc)
    i.fputc                                  0x08007090   Section        0  main.o(i.fputc)
    i.main                                   0x080070a8   Section        0  main.o(i.main)
    i.uart2_printf                           0x08007144   Section        0  my_printf.o(i.uart2_printf)
    i.uart3_printf                           0x08007180   Section        0  my_printf.o(i.uart3_printf)
    i.ws2812_set_RGB                         0x080071bc   Section        0  ws2812b.o(i.ws2812_set_RGB)
    .constdata                               0x08007210   Section       24  stm32g4xx_hal_uart.o(.constdata)
    .constdata                               0x08007228   Section       16  stm32g4xx_hal_uart_ex.o(.constdata)
    numerator                                0x08007228   Data           8  stm32g4xx_hal_uart_ex.o(.constdata)
    denominator                              0x08007230   Data           8  stm32g4xx_hal_uart_ex.o(.constdata)
    .constdata                               0x08007238   Section       16  system_stm32g4xx.o(.constdata)
    .constdata                               0x08007248   Section        8  system_stm32g4xx.o(.constdata)
    .data                                    0x20000000   Section        4  adc.o(.data)
    HAL_RCC_ADC12_CLK_ENABLED                0x20000000   Data           4  adc.o(.data)
    .data                                    0x20000004   Section       24  tim.o(.data)
    .data                                    0x2000001c   Section       12  stm32g4xx_hal.o(.data)
    .data                                    0x20000028   Section        4  system_stm32g4xx.o(.data)
    .data                                    0x2000002c   Section        2  lanya.o(.data)
    .data                                    0x2000002e   Section       13  ws2812b.o(.data)
    R                                        0x2000002e   Data           1  ws2812b.o(.data)
    G                                        0x2000002f   Data           1  ws2812b.o(.data)
    B                                        0x20000030   Data           1  ws2812b.o(.data)
    temp                                     0x20000031   Data           1  ws2812b.o(.data)
    R                                        0x20000032   Data           1  ws2812b.o(.data)
    G                                        0x20000033   Data           1  ws2812b.o(.data)
    B                                        0x20000034   Data           1  ws2812b.o(.data)
    temp                                     0x20000035   Data           1  ws2812b.o(.data)
    R                                        0x20000036   Data           1  ws2812b.o(.data)
    G                                        0x20000037   Data           1  ws2812b.o(.data)
    B                                        0x20000038   Data           1  ws2812b.o(.data)
    temp                                     0x20000039   Data           1  ws2812b.o(.data)
    i                                        0x2000003a   Data           1  ws2812b.o(.data)
    .data                                    0x2000003b   Section        2  sg90.o(.data)
    .data                                    0x2000003d   Section        3  uart_task.o(.data)
    .data                                    0x20000040   Section        8  datatask.o(.data)
    .data                                    0x20000048   Section        4  stdout.o(.data)
    .bss                                     0x2000004c   Section      216  adc.o(.bss)
    .bss                                     0x20000124   Section       76  i2c.o(.bss)
    .bss                                     0x20000170   Section      324  tim.o(.bss)
    .bss                                     0x200002b4   Section      624  usart.o(.bss)
    .bss                                     0x20000524   Section       20  lanya.o(.bss)
    .bss                                     0x20000538   Section     1600  ws2812b.o(.bss)
    STACK                                    0x20000b78   Section     1024  startup_stm32g474xx.o(STACK)

    Global Symbols

    Symbol Name                              Value     Ov Type        Size  Object(Section)

    BuildAttributes$$THM_ISAv4$E$P$D$K$B$S$7EM$VFPi3$EXTD16$VFPS$VFMA$PE$A:L22UL41UL21$X:L11$S22US41US21$IEEE1$IW$USESV6$~STKCKD$USESV7$~SHL$OTIME$ROPI$EBA8$MICROLIB$REQ8$PRES8$EABIv2 0x00000000   Number         0  anon$$obj.o ABSOLUTE
    __ARM_use_no_argv                        0x00000000   Number         0  main.o ABSOLUTE
    _printf_a                                0x00000000   Number         0  stubs.o ABSOLUTE
    _printf_c                                0x00000000   Number         0  stubs.o ABSOLUTE
    _printf_charcount                        0x00000000   Number         0  stubs.o ABSOLUTE
    _printf_d                                0x00000000   Number         0  stubs.o ABSOLUTE
    _printf_e                                0x00000000   Number         0  stubs.o ABSOLUTE
    _printf_f                                0x00000000   Number         0  stubs.o ABSOLUTE
    _printf_flags                            0x00000000   Number         0  stubs.o ABSOLUTE
    _printf_fp_dec                           0x00000000   Number         0  stubs.o ABSOLUTE
    _printf_fp_hex                           0x00000000   Number         0  stubs.o ABSOLUTE
    _printf_g                                0x00000000   Number         0  stubs.o ABSOLUTE
    _printf_i                                0x00000000   Number         0  stubs.o ABSOLUTE
    _printf_int_dec                          0x00000000   Number         0  stubs.o ABSOLUTE
    _printf_l                                0x00000000   Number         0  stubs.o ABSOLUTE
    _printf_lc                               0x00000000   Number         0  stubs.o ABSOLUTE
    _printf_ll                               0x00000000   Number         0  stubs.o ABSOLUTE
    _printf_lld                              0x00000000   Number         0  stubs.o ABSOLUTE
    _printf_lli                              0x00000000   Number         0  stubs.o ABSOLUTE
    _printf_llo                              0x00000000   Number         0  stubs.o ABSOLUTE
    _printf_llu                              0x00000000   Number         0  stubs.o ABSOLUTE
    _printf_llx                              0x00000000   Number         0  stubs.o ABSOLUTE
    _printf_longlong_dec                     0x00000000   Number         0  stubs.o ABSOLUTE
    _printf_longlong_hex                     0x00000000   Number         0  stubs.o ABSOLUTE
    _printf_longlong_oct                     0x00000000   Number         0  stubs.o ABSOLUTE
    _printf_ls                               0x00000000   Number         0  stubs.o ABSOLUTE
    _printf_mbtowc                           0x00000000   Number         0  stubs.o ABSOLUTE
    _printf_n                                0x00000000   Number         0  stubs.o ABSOLUTE
    _printf_o                                0x00000000   Number         0  stubs.o ABSOLUTE
    _printf_p                                0x00000000   Number         0  stubs.o ABSOLUTE
    _printf_percent                          0x00000000   Number         0  stubs.o ABSOLUTE
    _printf_pre_padding                      0x00000000   Number         0  stubs.o ABSOLUTE
    _printf_return_value                     0x00000000   Number         0  stubs.o ABSOLUTE
    _printf_s                                0x00000000   Number         0  stubs.o ABSOLUTE
    _printf_sizespec                         0x00000000   Number         0  stubs.o ABSOLUTE
    _printf_str                              0x00000000   Number         0  stubs.o ABSOLUTE
    _printf_truncate_signed                  0x00000000   Number         0  stubs.o ABSOLUTE
    _printf_truncate_unsigned                0x00000000   Number         0  stubs.o ABSOLUTE
    _printf_u                                0x00000000   Number         0  stubs.o ABSOLUTE
    _printf_wc                               0x00000000   Number         0  stubs.o ABSOLUTE
    _printf_wctomb                           0x00000000   Number         0  stubs.o ABSOLUTE
    _printf_widthprec                        0x00000000   Number         0  stubs.o ABSOLUTE
    _printf_x                                0x00000000   Number         0  stubs.o ABSOLUTE
    __cpp_initialize__aeabi_                  - Undefined Weak Reference
    __cxa_finalize                            - Undefined Weak Reference
    __decompress                              - Undefined Weak Reference
    _clock_init                               - Undefined Weak Reference
    _microlib_exit                            - Undefined Weak Reference
    __Vectors_Size                           0x000001d8   Number         0  startup_stm32g474xx.o ABSOLUTE
    __Vectors                                0x08000000   Data           4  startup_stm32g474xx.o(RESET)
    __Vectors_End                            0x080001d8   Data           0  startup_stm32g474xx.o(RESET)
    __main                                   0x080001d9   Thumb Code     0  entry.o(.ARM.Collect$$$$00000000)
    _main_stk                                0x080001d9   Thumb Code     0  entry2.o(.ARM.Collect$$$$00000001)
    _main_scatterload                        0x080001dd   Thumb Code     0  entry5.o(.ARM.Collect$$$$00000004)
    __main_after_scatterload                 0x080001e1   Thumb Code     0  entry5.o(.ARM.Collect$$$$00000004)
    _main_clock                              0x080001e1   Thumb Code     0  entry7b.o(.ARM.Collect$$$$00000008)
    _main_cpp_init                           0x080001e1   Thumb Code     0  entry8b.o(.ARM.Collect$$$$0000000A)
    _main_init                               0x080001e1   Thumb Code     0  entry9a.o(.ARM.Collect$$$$0000000B)
    __rt_final_cpp                           0x080001e9   Thumb Code     0  entry10a.o(.ARM.Collect$$$$0000000D)
    __rt_final_exit                          0x080001e9   Thumb Code     0  entry11a.o(.ARM.Collect$$$$0000000F)
    Reset_Handler                            0x080001ed   Thumb Code     8  startup_stm32g474xx.o(.text)
    ADC1_2_IRQHandler                        0x08000207   Thumb Code     0  startup_stm32g474xx.o(.text)
    ADC3_IRQHandler                          0x08000207   Thumb Code     0  startup_stm32g474xx.o(.text)
    ADC4_IRQHandler                          0x08000207   Thumb Code     0  startup_stm32g474xx.o(.text)
    ADC5_IRQHandler                          0x08000207   Thumb Code     0  startup_stm32g474xx.o(.text)
    COMP1_2_3_IRQHandler                     0x08000207   Thumb Code     0  startup_stm32g474xx.o(.text)
    COMP4_5_6_IRQHandler                     0x08000207   Thumb Code     0  startup_stm32g474xx.o(.text)
    COMP7_IRQHandler                         0x08000207   Thumb Code     0  startup_stm32g474xx.o(.text)
    CORDIC_IRQHandler                        0x08000207   Thumb Code     0  startup_stm32g474xx.o(.text)
    CRS_IRQHandler                           0x08000207   Thumb Code     0  startup_stm32g474xx.o(.text)
    DMA1_Channel2_IRQHandler                 0x08000207   Thumb Code     0  startup_stm32g474xx.o(.text)
    DMA1_Channel3_IRQHandler                 0x08000207   Thumb Code     0  startup_stm32g474xx.o(.text)
    DMA1_Channel4_IRQHandler                 0x08000207   Thumb Code     0  startup_stm32g474xx.o(.text)
    DMA1_Channel7_IRQHandler                 0x08000207   Thumb Code     0  startup_stm32g474xx.o(.text)
    DMA1_Channel8_IRQHandler                 0x08000207   Thumb Code     0  startup_stm32g474xx.o(.text)
    DMA2_Channel1_IRQHandler                 0x08000207   Thumb Code     0  startup_stm32g474xx.o(.text)
    DMA2_Channel2_IRQHandler                 0x08000207   Thumb Code     0  startup_stm32g474xx.o(.text)
    DMA2_Channel3_IRQHandler                 0x08000207   Thumb Code     0  startup_stm32g474xx.o(.text)
    DMA2_Channel4_IRQHandler                 0x08000207   Thumb Code     0  startup_stm32g474xx.o(.text)
    DMA2_Channel5_IRQHandler                 0x08000207   Thumb Code     0  startup_stm32g474xx.o(.text)
    DMA2_Channel6_IRQHandler                 0x08000207   Thumb Code     0  startup_stm32g474xx.o(.text)
    DMA2_Channel7_IRQHandler                 0x08000207   Thumb Code     0  startup_stm32g474xx.o(.text)
    DMA2_Channel8_IRQHandler                 0x08000207   Thumb Code     0  startup_stm32g474xx.o(.text)
    DMAMUX_OVR_IRQHandler                    0x08000207   Thumb Code     0  startup_stm32g474xx.o(.text)
    EXTI0_IRQHandler                         0x08000207   Thumb Code     0  startup_stm32g474xx.o(.text)
    EXTI15_10_IRQHandler                     0x08000207   Thumb Code     0  startup_stm32g474xx.o(.text)
    EXTI1_IRQHandler                         0x08000207   Thumb Code     0  startup_stm32g474xx.o(.text)
    EXTI2_IRQHandler                         0x08000207   Thumb Code     0  startup_stm32g474xx.o(.text)
    EXTI3_IRQHandler                         0x08000207   Thumb Code     0  startup_stm32g474xx.o(.text)
    EXTI4_IRQHandler                         0x08000207   Thumb Code     0  startup_stm32g474xx.o(.text)
    EXTI9_5_IRQHandler                       0x08000207   Thumb Code     0  startup_stm32g474xx.o(.text)
    FDCAN1_IT0_IRQHandler                    0x08000207   Thumb Code     0  startup_stm32g474xx.o(.text)
    FDCAN1_IT1_IRQHandler                    0x08000207   Thumb Code     0  startup_stm32g474xx.o(.text)
    FDCAN2_IT0_IRQHandler                    0x08000207   Thumb Code     0  startup_stm32g474xx.o(.text)
    FDCAN2_IT1_IRQHandler                    0x08000207   Thumb Code     0  startup_stm32g474xx.o(.text)
    FDCAN3_IT0_IRQHandler                    0x08000207   Thumb Code     0  startup_stm32g474xx.o(.text)
    FDCAN3_IT1_IRQHandler                    0x08000207   Thumb Code     0  startup_stm32g474xx.o(.text)
    FLASH_IRQHandler                         0x08000207   Thumb Code     0  startup_stm32g474xx.o(.text)
    FMAC_IRQHandler                          0x08000207   Thumb Code     0  startup_stm32g474xx.o(.text)
    FMC_IRQHandler                           0x08000207   Thumb Code     0  startup_stm32g474xx.o(.text)
    FPU_IRQHandler                           0x08000207   Thumb Code     0  startup_stm32g474xx.o(.text)
    HRTIM1_FLT_IRQHandler                    0x08000207   Thumb Code     0  startup_stm32g474xx.o(.text)
    HRTIM1_Master_IRQHandler                 0x08000207   Thumb Code     0  startup_stm32g474xx.o(.text)
    HRTIM1_TIMA_IRQHandler                   0x08000207   Thumb Code     0  startup_stm32g474xx.o(.text)
    HRTIM1_TIMB_IRQHandler                   0x08000207   Thumb Code     0  startup_stm32g474xx.o(.text)
    HRTIM1_TIMC_IRQHandler                   0x08000207   Thumb Code     0  startup_stm32g474xx.o(.text)
    HRTIM1_TIMD_IRQHandler                   0x08000207   Thumb Code     0  startup_stm32g474xx.o(.text)
    HRTIM1_TIME_IRQHandler                   0x08000207   Thumb Code     0  startup_stm32g474xx.o(.text)
    HRTIM1_TIMF_IRQHandler                   0x08000207   Thumb Code     0  startup_stm32g474xx.o(.text)
    I2C1_ER_IRQHandler                       0x08000207   Thumb Code     0  startup_stm32g474xx.o(.text)
    I2C1_EV_IRQHandler                       0x08000207   Thumb Code     0  startup_stm32g474xx.o(.text)
    I2C2_ER_IRQHandler                       0x08000207   Thumb Code     0  startup_stm32g474xx.o(.text)
    I2C2_EV_IRQHandler                       0x08000207   Thumb Code     0  startup_stm32g474xx.o(.text)
    I2C3_ER_IRQHandler                       0x08000207   Thumb Code     0  startup_stm32g474xx.o(.text)
    I2C3_EV_IRQHandler                       0x08000207   Thumb Code     0  startup_stm32g474xx.o(.text)
    I2C4_ER_IRQHandler                       0x08000207   Thumb Code     0  startup_stm32g474xx.o(.text)
    I2C4_EV_IRQHandler                       0x08000207   Thumb Code     0  startup_stm32g474xx.o(.text)
    LPTIM1_IRQHandler                        0x08000207   Thumb Code     0  startup_stm32g474xx.o(.text)
    LPUART1_IRQHandler                       0x08000207   Thumb Code     0  startup_stm32g474xx.o(.text)
    PVD_PVM_IRQHandler                       0x08000207   Thumb Code     0  startup_stm32g474xx.o(.text)
    QUADSPI_IRQHandler                       0x08000207   Thumb Code     0  startup_stm32g474xx.o(.text)
    RCC_IRQHandler                           0x08000207   Thumb Code     0  startup_stm32g474xx.o(.text)
    RNG_IRQHandler                           0x08000207   Thumb Code     0  startup_stm32g474xx.o(.text)
    RTC_Alarm_IRQHandler                     0x08000207   Thumb Code     0  startup_stm32g474xx.o(.text)
    RTC_TAMP_LSECSS_IRQHandler               0x08000207   Thumb Code     0  startup_stm32g474xx.o(.text)
    RTC_WKUP_IRQHandler                      0x08000207   Thumb Code     0  startup_stm32g474xx.o(.text)
    SAI1_IRQHandler                          0x08000207   Thumb Code     0  startup_stm32g474xx.o(.text)
    SPI1_IRQHandler                          0x08000207   Thumb Code     0  startup_stm32g474xx.o(.text)
    SPI2_IRQHandler                          0x08000207   Thumb Code     0  startup_stm32g474xx.o(.text)
    SPI3_IRQHandler                          0x08000207   Thumb Code     0  startup_stm32g474xx.o(.text)
    SPI4_IRQHandler                          0x08000207   Thumb Code     0  startup_stm32g474xx.o(.text)
    TIM1_BRK_TIM15_IRQHandler                0x08000207   Thumb Code     0  startup_stm32g474xx.o(.text)
    TIM1_CC_IRQHandler                       0x08000207   Thumb Code     0  startup_stm32g474xx.o(.text)
    TIM1_TRG_COM_TIM17_IRQHandler            0x08000207   Thumb Code     0  startup_stm32g474xx.o(.text)
    TIM1_UP_TIM16_IRQHandler                 0x08000207   Thumb Code     0  startup_stm32g474xx.o(.text)
    TIM20_BRK_IRQHandler                     0x08000207   Thumb Code     0  startup_stm32g474xx.o(.text)
    TIM20_CC_IRQHandler                      0x08000207   Thumb Code     0  startup_stm32g474xx.o(.text)
    TIM20_TRG_COM_IRQHandler                 0x08000207   Thumb Code     0  startup_stm32g474xx.o(.text)
    TIM20_UP_IRQHandler                      0x08000207   Thumb Code     0  startup_stm32g474xx.o(.text)
    TIM3_IRQHandler                          0x08000207   Thumb Code     0  startup_stm32g474xx.o(.text)
    TIM4_IRQHandler                          0x08000207   Thumb Code     0  startup_stm32g474xx.o(.text)
    TIM5_IRQHandler                          0x08000207   Thumb Code     0  startup_stm32g474xx.o(.text)
    TIM6_DAC_IRQHandler                      0x08000207   Thumb Code     0  startup_stm32g474xx.o(.text)
    TIM7_DAC_IRQHandler                      0x08000207   Thumb Code     0  startup_stm32g474xx.o(.text)
    TIM8_BRK_IRQHandler                      0x08000207   Thumb Code     0  startup_stm32g474xx.o(.text)
    TIM8_CC_IRQHandler                       0x08000207   Thumb Code     0  startup_stm32g474xx.o(.text)
    TIM8_TRG_COM_IRQHandler                  0x08000207   Thumb Code     0  startup_stm32g474xx.o(.text)
    TIM8_UP_IRQHandler                       0x08000207   Thumb Code     0  startup_stm32g474xx.o(.text)
    UART4_IRQHandler                         0x08000207   Thumb Code     0  startup_stm32g474xx.o(.text)
    UART5_IRQHandler                         0x08000207   Thumb Code     0  startup_stm32g474xx.o(.text)
    UCPD1_IRQHandler                         0x08000207   Thumb Code     0  startup_stm32g474xx.o(.text)
    USBWakeUp_IRQHandler                     0x08000207   Thumb Code     0  startup_stm32g474xx.o(.text)
    USB_HP_IRQHandler                        0x08000207   Thumb Code     0  startup_stm32g474xx.o(.text)
    USB_LP_IRQHandler                        0x08000207   Thumb Code     0  startup_stm32g474xx.o(.text)
    WWDG_IRQHandler                          0x08000207   Thumb Code     0  startup_stm32g474xx.o(.text)
    __aeabi_uldivmod                         0x08000211   Thumb Code    98  uldiv.o(.text)
    __aeabi_memset                           0x08000273   Thumb Code    14  memseta.o(.text)
    __aeabi_memset4                          0x08000273   Thumb Code     0  memseta.o(.text)
    __aeabi_memset8                          0x08000273   Thumb Code     0  memseta.o(.text)
    __aeabi_memclr                           0x08000281   Thumb Code     4  memseta.o(.text)
    __aeabi_memclr4                          0x08000281   Thumb Code     0  memseta.o(.text)
    __aeabi_memclr8                          0x08000281   Thumb Code     0  memseta.o(.text)
    _memset$wrapper                          0x08000285   Thumb Code    18  memseta.o(.text)
    __aeabi_dadd                             0x08000297   Thumb Code   322  dadd.o(.text)
    __aeabi_dsub                             0x080003d9   Thumb Code     6  dadd.o(.text)
    __aeabi_drsub                            0x080003df   Thumb Code     6  dadd.o(.text)
    __aeabi_dmul                             0x080003e5   Thumb Code   228  dmul.o(.text)
    __aeabi_ddiv                             0x080004c9   Thumb Code   222  ddiv.o(.text)
    __aeabi_i2d                              0x080005a7   Thumb Code    34  dflti.o(.text)
    __aeabi_ui2d                             0x080005c9   Thumb Code    26  dfltui.o(.text)
    __aeabi_d2iz                             0x080005e3   Thumb Code    62  dfixi.o(.text)
    __aeabi_d2uiz                            0x08000621   Thumb Code    50  dfixui.o(.text)
    __aeabi_f2d                              0x08000653   Thumb Code    38  f2d.o(.text)
    __aeabi_d2f                              0x08000679   Thumb Code    56  d2f.o(.text)
    __aeabi_uidiv                            0x080006b1   Thumb Code     0  uidiv.o(.text)
    __aeabi_uidivmod                         0x080006b1   Thumb Code    44  uidiv.o(.text)
    __aeabi_llsl                             0x080006dd   Thumb Code    30  llshl.o(.text)
    _ll_shift_l                              0x080006dd   Thumb Code     0  llshl.o(.text)
    __aeabi_llsr                             0x080006fb   Thumb Code    32  llushr.o(.text)
    _ll_ushift_r                             0x080006fb   Thumb Code     0  llushr.o(.text)
    __aeabi_lasr                             0x0800071b   Thumb Code    36  llsshr.o(.text)
    _ll_sshift_r                             0x0800071b   Thumb Code     0  llsshr.o(.text)
    __I$use$fp                               0x0800073f   Thumb Code     0  iusefp.o(.text)
    _float_round                             0x0800073f   Thumb Code    18  fepilogue.o(.text)
    _float_epilogue                          0x08000751   Thumb Code    92  fepilogue.o(.text)
    _double_round                            0x080007ad   Thumb Code    30  depilogue.o(.text)
    _double_epilogue                         0x080007cb   Thumb Code   156  depilogue.o(.text)
    __aeabi_d2ulz                            0x08000867   Thumb Code    48  dfixul.o(.text)
    __aeabi_cdrcmple                         0x08000899   Thumb Code    48  cdrcmple.o(.text)
    __scatterload                            0x080008c9   Thumb Code    28  init.o(.text)
    __scatterload_rt2                        0x080008c9   Thumb Code     0  init.o(.text)
    ADC_Enable                               0x080008ed   Thumb Code   110  stm32g4xx_hal_adc.o(i.ADC_Enable)
    BH1750_Dat_To_Lux                        0x08000961   Thumb Code    42  bh1750.o(i.BH1750_Dat_To_Lux)
    BH1750_Read_Dat                          0x08000995   Thumb Code    22  bh1750.o(i.BH1750_Read_Dat)
    BH1750_Send_Cmd                          0x080009b1   Thumb Code    24  bh1750.o(i.BH1750_Send_Cmd)
    BH1750_TASK                              0x080009cd   Thumb Code    26  datatask.o(i.BH1750_TASK)
    BusFault_Handler                         0x080009e7   Thumb Code     2  stm32g4xx_it.o(i.BusFault_Handler)
    DMA1_Channel1_IRQHandler                 0x080009e9   Thumb Code     6  stm32g4xx_it.o(i.DMA1_Channel1_IRQHandler)
    DMA1_Channel5_IRQHandler                 0x080009f5   Thumb Code     6  stm32g4xx_it.o(i.DMA1_Channel5_IRQHandler)
    DMA1_Channel6_IRQHandler                 0x08000a01   Thumb Code     6  stm32g4xx_it.o(i.DMA1_Channel6_IRQHandler)
    DQ_GPIO_IN                               0x08000aaf   Thumb Code    26  ds18b20.o(i.DQ_GPIO_IN)
    DQ_GPIO_OUT                              0x08000ac9   Thumb Code    30  ds18b20.o(i.DQ_GPIO_OUT)
    DS18b20Task                              0x08000ae9   Thumb Code    20  datatask.o(i.DS18b20Task)
    DataTask                                 0x08000b01   Thumb Code   444  datatask.o(i.DataTask)
    DebugMon_Handler                         0x08000d61   Thumb Code     2  stm32g4xx_it.o(i.DebugMon_Handler)
    Decimal_1                                0x08000d65   Thumb Code    38  uart_task.o(i.Decimal_1)
    Decimal_2                                0x08000d95   Thumb Code    38  uart_task.o(i.Decimal_2)
    Delay_Us                                 0x08000dc9   Thumb Code    14  tim.o(i.Delay_Us)
    Ds18B20_CheckPulse                       0x08000dd7   Thumb Code    86  ds18b20.o(i.Ds18B20_CheckPulse)
    Ds18B20_Read_Byte                        0x08000e2d   Thumb Code    34  ds18b20.o(i.Ds18B20_Read_Byte)
    Ds18B20_Write_Byte                       0x08000e51   Thumb Code    90  ds18b20.o(i.Ds18B20_Write_Byte)
    Ds18b20_Get_Temp                         0x08000ead   Thumb Code    96  ds18b20.o(i.Ds18b20_Get_Temp)
    Ds18b20_Read_Bit                         0x08000f1d   Thumb Code    58  ds18b20.o(i.Ds18b20_Read_Bit)
    Ds18b20_Reset                            0x08000f57   Thumb Code    48  ds18b20.o(i.Ds18b20_Reset)
    Error_Handler                            0x08000f87   Thumb Code     4  main.o(i.Error_Handler)
    HAL_ADCEx_MultiModeConfigChannel         0x08000f8d   Thumb Code   322  stm32g4xx_hal_adc_ex.o(i.HAL_ADCEx_MultiModeConfigChannel)
    HAL_ADC_ConfigChannel                    0x080010e9   Thumb Code  1056  stm32g4xx_hal_adc.o(i.HAL_ADC_ConfigChannel)
    HAL_ADC_GetValue                         0x08001545   Thumb Code     6  stm32g4xx_hal_adc.o(i.HAL_ADC_GetValue)
    HAL_ADC_Init                             0x0800154d   Thumb Code   520  stm32g4xx_hal_adc.o(i.HAL_ADC_Init)
    HAL_ADC_MspInit                          0x08001785   Thumb Code   206  adc.o(i.HAL_ADC_MspInit)
    HAL_ADC_PollForConversion                0x08001865   Thumb Code   298  stm32g4xx_hal_adc.o(i.HAL_ADC_PollForConversion)
    HAL_ADC_Start                            0x080019a5   Thumb Code   288  stm32g4xx_hal_adc.o(i.HAL_ADC_Start)
    HAL_DMA_Abort                            0x08001add   Thumb Code   106  stm32g4xx_hal_dma.o(i.HAL_DMA_Abort)
    HAL_DMA_Abort_IT                         0x08001b47   Thumb Code   120  stm32g4xx_hal_dma.o(i.HAL_DMA_Abort_IT)
    HAL_DMA_GetError                         0x08001bbf   Thumb Code     4  stm32g4xx_hal_dma.o(i.HAL_DMA_GetError)
    HAL_DMA_IRQHandler                       0x08001bc3   Thumb Code   186  stm32g4xx_hal_dma.o(i.HAL_DMA_IRQHandler)
    HAL_DMA_Init                             0x08001c7d   Thumb Code   178  stm32g4xx_hal_dma.o(i.HAL_DMA_Init)
    HAL_DMA_Start_IT                         0x08001d3d   Thumb Code   140  stm32g4xx_hal_dma.o(i.HAL_DMA_Start_IT)
    HAL_GPIO_Init                            0x08001dc9   Thumb Code   550  stm32g4xx_hal_gpio.o(i.HAL_GPIO_Init)
    HAL_GPIO_ReadPin                         0x08002011   Thumb Code    10  stm32g4xx_hal_gpio.o(i.HAL_GPIO_ReadPin)
    HAL_GPIO_TogglePin                       0x0800201b   Thumb Code    16  stm32g4xx_hal_gpio.o(i.HAL_GPIO_TogglePin)
    HAL_GPIO_WritePin                        0x0800202b   Thumb Code    10  stm32g4xx_hal_gpio.o(i.HAL_GPIO_WritePin)
    HAL_GetTick                              0x08002035   Thumb Code     6  stm32g4xx_hal.o(i.HAL_GetTick)
    HAL_I2CEx_ConfigAnalogFilter             0x08002041   Thumb Code    86  stm32g4xx_hal_i2c_ex.o(i.HAL_I2CEx_ConfigAnalogFilter)
    HAL_I2CEx_ConfigDigitalFilter            0x08002097   Thumb Code    82  stm32g4xx_hal_i2c_ex.o(i.HAL_I2CEx_ConfigDigitalFilter)
    HAL_I2C_Init                             0x080020e9   Thumb Code   178  stm32g4xx_hal_i2c.o(i.HAL_I2C_Init)
    HAL_I2C_Master_Receive                   0x080021a1   Thumb Code   282  stm32g4xx_hal_i2c.o(i.HAL_I2C_Master_Receive)
    HAL_I2C_Master_Transmit                  0x080022c5   Thumb Code   282  stm32g4xx_hal_i2c.o(i.HAL_I2C_Master_Transmit)
    HAL_I2C_MspInit                          0x080023e9   Thumb Code   150  i2c.o(i.HAL_I2C_MspInit)
    HAL_IncTick                              0x0800248d   Thumb Code    12  stm32g4xx_hal.o(i.HAL_IncTick)
    HAL_Init                                 0x0800249d   Thumb Code    30  stm32g4xx_hal.o(i.HAL_Init)
    HAL_InitTick                             0x080024bd   Thumb Code    58  stm32g4xx_hal.o(i.HAL_InitTick)
    HAL_MspInit                              0x08002501   Thumb Code    42  stm32g4xx_hal_msp.o(i.HAL_MspInit)
    HAL_NVIC_EnableIRQ                       0x08002531   Thumb Code    26  stm32g4xx_hal_cortex.o(i.HAL_NVIC_EnableIRQ)
    HAL_NVIC_SetPriority                     0x0800254d   Thumb Code    60  stm32g4xx_hal_cortex.o(i.HAL_NVIC_SetPriority)
    HAL_NVIC_SetPriorityGrouping             0x0800258d   Thumb Code    26  stm32g4xx_hal_cortex.o(i.HAL_NVIC_SetPriorityGrouping)
    HAL_PWREx_ControlVoltageScaling          0x080025b1   Thumb Code   174  stm32g4xx_hal_pwr_ex.o(i.HAL_PWREx_ControlVoltageScaling)
    HAL_PWREx_DisableUCPDDeadBattery         0x0800266d   Thumb Code    12  stm32g4xx_hal_pwr_ex.o(i.HAL_PWREx_DisableUCPDDeadBattery)
    HAL_RCCEx_PeriphCLKConfig                0x0800267d   Thumb Code   758  stm32g4xx_hal_rcc_ex.o(i.HAL_RCCEx_PeriphCLKConfig)
    HAL_RCC_ClockConfig                      0x0800297d   Thumb Code   444  stm32g4xx_hal_rcc.o(i.HAL_RCC_ClockConfig)
    HAL_RCC_GetPCLK1Freq                     0x08002b59   Thumb Code    24  stm32g4xx_hal_rcc.o(i.HAL_RCC_GetPCLK1Freq)
    HAL_RCC_GetPCLK2Freq                     0x08002b7d   Thumb Code    24  stm32g4xx_hal_rcc.o(i.HAL_RCC_GetPCLK2Freq)
    HAL_RCC_GetSysClockFreq                  0x08002ba1   Thumb Code    98  stm32g4xx_hal_rcc.o(i.HAL_RCC_GetSysClockFreq)
    HAL_RCC_OscConfig                        0x08002c0d   Thumb Code  1036  stm32g4xx_hal_rcc.o(i.HAL_RCC_OscConfig)
    HAL_SYSTICK_Config                       0x08003019   Thumb Code    40  stm32g4xx_hal_cortex.o(i.HAL_SYSTICK_Config)
    HAL_TIMEx_Break2Callback                 0x08003041   Thumb Code     2  stm32g4xx_hal_tim_ex.o(i.HAL_TIMEx_Break2Callback)
    HAL_TIMEx_BreakCallback                  0x08003043   Thumb Code     2  stm32g4xx_hal_tim_ex.o(i.HAL_TIMEx_BreakCallback)
    HAL_TIMEx_CommutCallback                 0x08003045   Thumb Code     2  stm32g4xx_hal_tim_ex.o(i.HAL_TIMEx_CommutCallback)
    HAL_TIMEx_DirectionChangeCallback        0x08003047   Thumb Code     2  stm32g4xx_hal_tim_ex.o(i.HAL_TIMEx_DirectionChangeCallback)
    HAL_TIMEx_EncoderIndexCallback           0x08003049   Thumb Code     2  stm32g4xx_hal_tim_ex.o(i.HAL_TIMEx_EncoderIndexCallback)
    HAL_TIMEx_IndexErrorCallback             0x0800304b   Thumb Code     2  stm32g4xx_hal_tim_ex.o(i.HAL_TIMEx_IndexErrorCallback)
    HAL_TIMEx_MasterConfigSynchronization    0x0800304d   Thumb Code   150  stm32g4xx_hal_tim_ex.o(i.HAL_TIMEx_MasterConfigSynchronization)
    HAL_TIMEx_TransitionErrorCallback        0x08003105   Thumb Code     2  stm32g4xx_hal_tim_ex.o(i.HAL_TIMEx_TransitionErrorCallback)
    HAL_TIM_Base_Init                        0x08003107   Thumb Code    98  stm32g4xx_hal_tim.o(i.HAL_TIM_Base_Init)
    HAL_TIM_Base_MspInit                     0x08003169   Thumb Code   148  tim.o(i.HAL_TIM_Base_MspInit)
    HAL_TIM_Base_Start_IT                    0x08003211   Thumb Code   106  stm32g4xx_hal_tim.o(i.HAL_TIM_Base_Start_IT)
    HAL_TIM_ConfigClockSource                0x0800329d   Thumb Code   234  stm32g4xx_hal_tim.o(i.HAL_TIM_ConfigClockSource)
    HAL_TIM_ErrorCallback                    0x0800338d   Thumb Code     2  stm32g4xx_hal_tim.o(i.HAL_TIM_ErrorCallback)
    HAL_TIM_IC_CaptureCallback               0x0800338f   Thumb Code     2  stm32g4xx_hal_tim.o(i.HAL_TIM_IC_CaptureCallback)
    HAL_TIM_IRQHandler                       0x08003391   Thumb Code   508  stm32g4xx_hal_tim.o(i.HAL_TIM_IRQHandler)
    HAL_TIM_MspPostInit                      0x0800358d   Thumb Code   106  tim.o(i.HAL_TIM_MspPostInit)
    HAL_TIM_OC_DelayElapsedCallback          0x08003605   Thumb Code     2  stm32g4xx_hal_tim.o(i.HAL_TIM_OC_DelayElapsedCallback)
    HAL_TIM_PWM_ConfigChannel                0x08003607   Thumb Code   292  stm32g4xx_hal_tim.o(i.HAL_TIM_PWM_ConfigChannel)
    HAL_TIM_PWM_Init                         0x0800372b   Thumb Code    98  stm32g4xx_hal_tim.o(i.HAL_TIM_PWM_Init)
    HAL_TIM_PWM_MspInit                      0x0800378d   Thumb Code     2  stm32g4xx_hal_tim.o(i.HAL_TIM_PWM_MspInit)
    HAL_TIM_PWM_PulseFinishedCallback        0x0800378f   Thumb Code     2  stm32g4xx_hal_tim.o(i.HAL_TIM_PWM_PulseFinishedCallback)
    HAL_TIM_PWM_PulseFinishedHalfCpltCallback 0x08003791   Thumb Code     2  stm32g4xx_hal_tim.o(i.HAL_TIM_PWM_PulseFinishedHalfCpltCallback)
    HAL_TIM_PWM_Start                        0x08003795   Thumb Code   234  stm32g4xx_hal_tim.o(i.HAL_TIM_PWM_Start)
    HAL_TIM_PWM_Start_DMA                    0x080038a9   Thumb Code   478  stm32g4xx_hal_tim.o(i.HAL_TIM_PWM_Start_DMA)
    HAL_TIM_PeriodElapsedCallback            0x08003abd   Thumb Code   252  tim.o(i.HAL_TIM_PeriodElapsedCallback)
    HAL_TIM_TriggerCallback                  0x08003bc9   Thumb Code     2  stm32g4xx_hal_tim.o(i.HAL_TIM_TriggerCallback)
    HAL_UARTEx_DisableFifoMode               0x08003bcb   Thumb Code    62  stm32g4xx_hal_uart_ex.o(i.HAL_UARTEx_DisableFifoMode)
    HAL_UARTEx_RxEventCallback               0x08003c09   Thumb Code     2  stm32g4xx_hal_uart.o(i.HAL_UARTEx_RxEventCallback)
    HAL_UARTEx_RxFifoFullCallback            0x08003c0b   Thumb Code     2  stm32g4xx_hal_uart_ex.o(i.HAL_UARTEx_RxFifoFullCallback)
    HAL_UARTEx_SetRxFifoThreshold            0x08003c0d   Thumb Code    76  stm32g4xx_hal_uart_ex.o(i.HAL_UARTEx_SetRxFifoThreshold)
    HAL_UARTEx_SetTxFifoThreshold            0x08003c59   Thumb Code    76  stm32g4xx_hal_uart_ex.o(i.HAL_UARTEx_SetTxFifoThreshold)
    HAL_UARTEx_TxFifoEmptyCallback           0x08003ca5   Thumb Code     2  stm32g4xx_hal_uart_ex.o(i.HAL_UARTEx_TxFifoEmptyCallback)
    HAL_UARTEx_WakeupCallback                0x08003ca7   Thumb Code     2  stm32g4xx_hal_uart_ex.o(i.HAL_UARTEx_WakeupCallback)
    HAL_UART_DMAStop                         0x08003ca9   Thumb Code   144  stm32g4xx_hal_uart.o(i.HAL_UART_DMAStop)
    HAL_UART_ErrorCallback                   0x08003d39   Thumb Code     2  stm32g4xx_hal_uart.o(i.HAL_UART_ErrorCallback)
    HAL_UART_IRQHandler                      0x08003d3d   Thumb Code   722  stm32g4xx_hal_uart.o(i.HAL_UART_IRQHandler)
    HAL_UART_Init                            0x0800401d   Thumb Code   106  stm32g4xx_hal_uart.o(i.HAL_UART_Init)
    HAL_UART_MspInit                         0x08004089   Thumb Code   412  usart.o(i.HAL_UART_MspInit)
    HAL_UART_Receive_DMA                     0x08004245   Thumb Code    80  stm32g4xx_hal_uart.o(i.HAL_UART_Receive_DMA)
    HAL_UART_Receive_IT                      0x08004299   Thumb Code    80  stm32g4xx_hal_uart.o(i.HAL_UART_Receive_IT)
    HAL_UART_RxCpltCallback                  0x080042ed   Thumb Code   270  uart_task.o(i.HAL_UART_RxCpltCallback)
    HAL_UART_RxHalfCpltCallback              0x08004415   Thumb Code     2  stm32g4xx_hal_uart.o(i.HAL_UART_RxHalfCpltCallback)
    HAL_UART_Transmit                        0x08004417   Thumb Code   188  stm32g4xx_hal_uart.o(i.HAL_UART_Transmit)
    HAL_UART_TxCpltCallback                  0x080044d3   Thumb Code     2  stm32g4xx_hal_uart.o(i.HAL_UART_TxCpltCallback)
    HMI_Printf_F_GuangZhao                   0x080044d5   Thumb Code    36  uart_task.o(i.HMI_Printf_F_GuangZhao)
    HMI_Printf_F_HunZhuo                     0x0800451d   Thumb Code    36  uart_task.o(i.HMI_Printf_F_HunZhuo)
    HMI_Printf_F_TDS                         0x08004565   Thumb Code    36  uart_task.o(i.HMI_Printf_F_TDS)
    HMI_Printf_F_WenDu                       0x080045ad   Thumb Code    36  uart_task.o(i.HMI_Printf_F_WenDu)
    HardFault_Handler                        0x080045f5   Thumb Code     2  stm32g4xx_it.o(i.HardFault_Handler)
    HunZhuo_Task                             0x080045f9   Thumb Code   198  datatask.o(i.HunZhuo_Task)
    MX_ADC1_Init                             0x08004a45   Thumb Code   136  adc.o(i.MX_ADC1_Init)
    MX_ADC2_Init                             0x08004ad5   Thumb Code   112  adc.o(i.MX_ADC2_Init)
    MX_DMA_Init                              0x08004b51   Thumb Code    88  dma.o(i.MX_DMA_Init)
    MX_GPIO_Init                             0x08004bad   Thumb Code   158  gpio.o(i.MX_GPIO_Init)
    MX_I2C1_Init                             0x08004c55   Thumb Code    76  i2c.o(i.MX_I2C1_Init)
    MX_TIM2_Init                             0x08004cad   Thumb Code    98  tim.o(i.MX_TIM2_Init)
    MX_TIM3_Init                             0x08004d15   Thumb Code   148  tim.o(i.MX_TIM3_Init)
    MX_TIM4_Init                             0x08004db1   Thumb Code   142  tim.o(i.MX_TIM4_Init)
    MX_USART1_UART_Init                      0x08004e49   Thumb Code    94  usart.o(i.MX_USART1_UART_Init)
    MX_USART2_UART_Init                      0x08004eb1   Thumb Code    94  usart.o(i.MX_USART2_UART_Init)
    MX_USART3_UART_Init                      0x08004f19   Thumb Code   112  usart.o(i.MX_USART3_UART_Init)
    MemManage_Handler                        0x08004f95   Thumb Code     2  stm32g4xx_it.o(i.MemManage_Handler)
    ModeFirst                                0x08004f99   Thumb Code   146  ws2812b.o(i.ModeFirst)
    ModeSecond                               0x0800503d   Thumb Code   150  ws2812b.o(i.ModeSecond)
    ModeThird                                0x080050e5   Thumb Code   154  ws2812b.o(i.ModeThird)
    Mode_RaninBow                            0x08005191   Thumb Code   164  ws2812b.o(i.Mode_RaninBow)
    NMI_Handler                              0x08005245   Thumb Code     2  stm32g4xx_it.o(i.NMI_Handler)
    OFFRGB                                   0x08005249   Thumb Code    42  ws2812b.o(i.OFFRGB)
    PendSV_Handler                           0x0800527d   Thumb Code     2  stm32g4xx_it.o(i.PendSV_Handler)
    SG90_Mode                                0x08005281   Thumb Code    88  sg90.o(i.SG90_Mode)
    SG90_Rotate                              0x080052f9   Thumb Code     8  sg90.o(i.SG90_Rotate)
    SVC_Handler                              0x08005305   Thumb Code     2  stm32g4xx_it.o(i.SVC_Handler)
    SysTick_Handler                          0x08005307   Thumb Code     4  stm32g4xx_it.o(i.SysTick_Handler)
    SystemClock_Config                       0x0800530b   Thumb Code   106  main.o(i.SystemClock_Config)
    SystemInit                               0x08005375   Thumb Code    12  system_stm32g4xx.o(i.SystemInit)
    TDS_Task                                 0x08005385   Thumb Code   302  datatask.o(i.TDS_Task)
    TIM2_IRQHandler                          0x080054f9   Thumb Code     6  stm32g4xx_it.o(i.TIM2_IRQHandler)
    TIM_Base_SetConfig                       0x08005505   Thumb Code   176  stm32g4xx_hal_tim.o(i.TIM_Base_SetConfig)
    TIM_CCxChannelCmd                        0x080055d9   Thumb Code    26  stm32g4xx_hal_tim.o(i.TIM_CCxChannelCmd)
    TIM_DMADelayPulseHalfCplt                0x08005651   Thumb Code    56  stm32g4xx_hal_tim.o(i.TIM_DMADelayPulseHalfCplt)
    TIM_DMAError                             0x08005689   Thumb Code    84  stm32g4xx_hal_tim.o(i.TIM_DMAError)
    TIM_ETR_SetConfig                        0x080056dd   Thumb Code    20  stm32g4xx_hal_tim.o(i.TIM_ETR_SetConfig)
    TIM_OC2_SetConfig                        0x080057b1   Thumb Code   132  stm32g4xx_hal_tim.o(i.TIM_OC2_SetConfig)
    UART_AdvFeatureConfig                    0x08005b11   Thumb Code   200  stm32g4xx_hal_uart.o(i.UART_AdvFeatureConfig)
    UART_CheckIdleState                      0x08005bd9   Thumb Code    96  stm32g4xx_hal_uart.o(i.UART_CheckIdleState)
    UART_SetConfig                           0x080061ed   Thumb Code   614  stm32g4xx_hal_uart.o(i.UART_SetConfig)
    UART_Start_Receive_DMA                   0x08006485   Thumb Code   152  stm32g4xx_hal_uart.o(i.UART_Start_Receive_DMA)
    UART_Start_Receive_IT                    0x08006529   Thumb Code   262  stm32g4xx_hal_uart.o(i.UART_Start_Receive_IT)
    UART_WaitOnFlagUntilTimeout              0x08006641   Thumb Code   198  stm32g4xx_hal_uart.o(i.UART_WaitOnFlagUntilTimeout)
    USART1_IRQHandler                        0x08006709   Thumb Code     6  stm32g4xx_it.o(i.USART1_IRQHandler)
    USART2_IRQHandler                        0x08006715   Thumb Code     6  stm32g4xx_it.o(i.USART2_IRQHandler)
    USART3_IRQHandler                        0x08006721   Thumb Code    50  stm32g4xx_it.o(i.USART3_IRQHandler)
    UsageFault_Handler                       0x08006761   Thumb Code     2  stm32g4xx_it.o(i.UsageFault_Handler)
    __0printf                                0x08006765   Thumb Code    22  printfa.o(i.__0printf)
    __1printf                                0x08006765   Thumb Code     0  printfa.o(i.__0printf)
    __2printf                                0x08006765   Thumb Code     0  printfa.o(i.__0printf)
    __c89printf                              0x08006765   Thumb Code     0  printfa.o(i.__0printf)
    printf                                   0x08006765   Thumb Code     0  printfa.o(i.__0printf)
    __0vsnprintf                             0x08006785   Thumb Code    32  printfa.o(i.__0vsnprintf)
    __1vsnprintf                             0x08006785   Thumb Code     0  printfa.o(i.__0vsnprintf)
    __2vsnprintf                             0x08006785   Thumb Code     0  printfa.o(i.__0vsnprintf)
    __c89vsnprintf                           0x08006785   Thumb Code     0  printfa.o(i.__0vsnprintf)
    vsnprintf                                0x08006785   Thumb Code     0  printfa.o(i.__0vsnprintf)
    __scatterload_copy                       0x080067c9   Thumb Code    14  handlers.o(i.__scatterload_copy)
    __scatterload_null                       0x080067d7   Thumb Code     2  handlers.o(i.__scatterload_null)
    __scatterload_zeroinit                   0x080067d9   Thumb Code    14  handlers.o(i.__scatterload_zeroinit)
    fputc                                    0x08007091   Thumb Code    20  main.o(i.fputc)
    main                                     0x080070a9   Thumb Code   102  main.o(i.main)
    uart2_printf                             0x08007145   Thumb Code    54  my_printf.o(i.uart2_printf)
    uart3_printf                             0x08007181   Thumb Code    54  my_printf.o(i.uart3_printf)
    ws2812_set_RGB                           0x080071bd   Thumb Code    80  ws2812b.o(i.ws2812_set_RGB)
    UARTPrescTable                           0x08007210   Data          24  stm32g4xx_hal_uart.o(.constdata)
    AHBPrescTable                            0x08007238   Data          16  system_stm32g4xx.o(.constdata)
    APBPrescTable                            0x08007248   Data           8  system_stm32g4xx.o(.constdata)
    Region$$Table$$Base                      0x08007250   Number         0  anon$$obj.o(Region$$Table)
    Region$$Table$$Limit                     0x08007270   Number         0  anon$$obj.o(Region$$Table)
    HUNZHUOFlag                              0x20000004   Data           1  tim.o(.data)
    Ds18b20Flag                              0x20000005   Data           1  tim.o(.data)
    BH1750Flag                               0x20000006   Data           1  tim.o(.data)
    LanYaFlag                                0x20000007   Data           1  tim.o(.data)
    RGB1sFlag                                0x20000008   Data           1  tim.o(.data)
    RGB20msFlag                              0x20000009   Data           1  tim.o(.data)
    TDSFlag                                  0x2000000a   Data           1  tim.o(.data)
    D_Mode_1                                 0x2000000b   Data           1  tim.o(.data)
    D_Mode_2                                 0x2000000c   Data           1  tim.o(.data)
    D_Mode_3                                 0x2000000d   Data           1  tim.o(.data)
    D_Mode_4                                 0x2000000e   Data           1  tim.o(.data)
    D_Mode_5                                 0x2000000f   Data           1  tim.o(.data)
    D_Mode_6                                 0x20000010   Data           1  tim.o(.data)
    Time                                     0x20000014   Data           4  tim.o(.data)
    Time_Duo                                 0x20000018   Data           4  tim.o(.data)
    uwTickPrio                               0x2000001c   Data           4  stm32g4xx_hal.o(.data)
    uwTickFreq                               0x20000020   Data           4  stm32g4xx_hal.o(.data)
    uwTick                                   0x20000024   Data           4  stm32g4xx_hal.o(.data)
    SystemCoreClock                          0x20000028   Data           4  system_stm32g4xx.o(.data)
    Rx_len                                   0x2000002c   Data           1  lanya.o(.data)
    RX_flag                                  0x2000002d   Data           1  lanya.o(.data)
    DuojiLock                                0x2000003b   Data           1  sg90.o(.data)
    Duoji_Mode                               0x2000003c   Data           1  sg90.o(.data)
    usart_screen                             0x2000003d   Data           1  uart_task.o(.data)
    RGBLcok                                  0x2000003e   Data           1  uart_task.o(.data)
    RGBStaus                                 0x2000003f   Data           1  uart_task.o(.data)
    TData                                    0x20000040   Data           4  datatask.o(.data)
    Temperature                              0x20000044   Data           4  datatask.o(.data)
    __stdout                                 0x20000048   Data           4  stdout.o(.data)
    hadc1                                    0x2000004c   Data         108  adc.o(.bss)
    hadc2                                    0x200000b8   Data         108  adc.o(.bss)
    hi2c1                                    0x20000124   Data          76  i2c.o(.bss)
    htim2                                    0x20000170   Data          76  tim.o(.bss)
    htim3                                    0x200001bc   Data          76  tim.o(.bss)
    htim4                                    0x20000208   Data          76  tim.o(.bss)
    hdma_tim4_ch2                            0x20000254   Data          96  tim.o(.bss)
    huart1                                   0x200002b4   Data         144  usart.o(.bss)
    huart2                                   0x20000344   Data         144  usart.o(.bss)
    huart3                                   0x200003d4   Data         144  usart.o(.bss)
    hdma_usart3_rx                           0x20000464   Data          96  usart.o(.bss)
    hdma_usart3_tx                           0x200004c4   Data          96  usart.o(.bss)
    RxBuffer                                 0x20000524   Data          20  lanya.o(.bss)
    RGB_buffur                               0x20000538   Data        1600  ws2812b.o(.bss)
    __initial_sp                             0x20000f78   Data           0  startup_stm32g474xx.o(STACK)



==============================================================================

Memory Map of the image

  Image Entry point : 0x080001d9

  Load Region LR_IROM1 (Base: 0x08000000, Size: 0x000072bc, Max: 0x00080000, ABSOLUTE)

    Execution Region ER_IROM1 (Base: 0x08000000, Size: 0x00007270, Max: 0x00080000, ABSOLUTE)

    Base Addr    Size         Type   Attr      Idx    E Section Name        Object

    0x08000000   0x000001d8   Data   RO            3    RESET               startup_stm32g474xx.o
    0x080001d8   0x00000000   Code   RO         5264  * .ARM.Collect$$$$00000000  mc_w.l(entry.o)
    0x080001d8   0x00000004   Code   RO         5550    .ARM.Collect$$$$00000001  mc_w.l(entry2.o)
    0x080001dc   0x00000004   Code   RO         5553    .ARM.Collect$$$$00000004  mc_w.l(entry5.o)
    0x080001e0   0x00000000   Code   RO         5555    .ARM.Collect$$$$00000008  mc_w.l(entry7b.o)
    0x080001e0   0x00000000   Code   RO         5557    .ARM.Collect$$$$0000000A  mc_w.l(entry8b.o)
    0x080001e0   0x00000008   Code   RO         5558    .ARM.Collect$$$$0000000B  mc_w.l(entry9a.o)
    0x080001e8   0x00000000   Code   RO         5560    .ARM.Collect$$$$0000000D  mc_w.l(entry10a.o)
    0x080001e8   0x00000000   Code   RO         5562    .ARM.Collect$$$$0000000F  mc_w.l(entry11a.o)
    0x080001e8   0x00000004   Code   RO         5551    .ARM.Collect$$$$00002712  mc_w.l(entry2.o)
    0x080001ec   0x00000024   Code   RO            4    .text               startup_stm32g474xx.o
    0x08000210   0x00000062   Code   RO         5267    .text               mc_w.l(uldiv.o)
    0x08000272   0x00000024   Code   RO         5269    .text               mc_w.l(memseta.o)
    0x08000296   0x0000014e   Code   RO         5532    .text               mf_w.l(dadd.o)
    0x080003e4   0x000000e4   Code   RO         5534    .text               mf_w.l(dmul.o)
    0x080004c8   0x000000de   Code   RO         5536    .text               mf_w.l(ddiv.o)
    0x080005a6   0x00000022   Code   RO         5538    .text               mf_w.l(dflti.o)
    0x080005c8   0x0000001a   Code   RO         5540    .text               mf_w.l(dfltui.o)
    0x080005e2   0x0000003e   Code   RO         5542    .text               mf_w.l(dfixi.o)
    0x08000620   0x00000032   Code   RO         5544    .text               mf_w.l(dfixui.o)
    0x08000652   0x00000026   Code   RO         5546    .text               mf_w.l(f2d.o)
    0x08000678   0x00000038   Code   RO         5548    .text               mf_w.l(d2f.o)
    0x080006b0   0x0000002c   Code   RO         5565    .text               mc_w.l(uidiv.o)
    0x080006dc   0x0000001e   Code   RO         5567    .text               mc_w.l(llshl.o)
    0x080006fa   0x00000020   Code   RO         5569    .text               mc_w.l(llushr.o)
    0x0800071a   0x00000024   Code   RO         5571    .text               mc_w.l(llsshr.o)
    0x0800073e   0x00000000   Code   RO         5573    .text               mc_w.l(iusefp.o)
    0x0800073e   0x0000006e   Code   RO         5574    .text               mf_w.l(fepilogue.o)
    0x080007ac   0x000000ba   Code   RO         5576    .text               mf_w.l(depilogue.o)
    0x08000866   0x00000030   Code   RO         5578    .text               mf_w.l(dfixul.o)
    0x08000896   0x00000002   PAD
    0x08000898   0x00000030   Code   RO         5580    .text               mf_w.l(cdrcmple.o)
    0x080008c8   0x00000024   Code   RO         5582    .text               mc_w.l(init.o)
    0x080008ec   0x00000074   Code   RO          689    i.ADC_Enable        stm32g4xx_hal_adc.o
    0x08000960   0x00000034   Code   RO         5005    i.BH1750_Dat_To_Lux  bh1750.o
    0x08000994   0x0000001c   Code   RO         5006    i.BH1750_Read_Dat   bh1750.o
    0x080009b0   0x0000001c   Code   RO         5007    i.BH1750_Send_Cmd   bh1750.o
    0x080009cc   0x0000001a   Code   RO         5188    i.BH1750_TASK       datatask.o
    0x080009e6   0x00000002   Code   RO          542    i.BusFault_Handler  stm32g4xx_it.o
    0x080009e8   0x0000000c   Code   RO          543    i.DMA1_Channel1_IRQHandler  stm32g4xx_it.o
    0x080009f4   0x0000000c   Code   RO          544    i.DMA1_Channel5_IRQHandler  stm32g4xx_it.o
    0x08000a00   0x0000000c   Code   RO          545    i.DMA1_Channel6_IRQHandler  stm32g4xx_it.o
    0x08000a0c   0x00000040   Code   RO         1980    i.DMA_CalcDMAMUXChannelBaseAndMask  stm32g4xx_hal_dma.o
    0x08000a4c   0x00000024   Code   RO         1981    i.DMA_CalcDMAMUXRequestGenBaseAndMask  stm32g4xx_hal_dma.o
    0x08000a70   0x0000003e   Code   RO         1982    i.DMA_SetConfig     stm32g4xx_hal_dma.o
    0x08000aae   0x0000001a   Code   RO         5041    i.DQ_GPIO_IN        ds18b20.o
    0x08000ac8   0x0000001e   Code   RO         5042    i.DQ_GPIO_OUT       ds18b20.o
    0x08000ae6   0x00000002   PAD
    0x08000ae8   0x00000018   Code   RO         5189    i.DS18b20Task       datatask.o
    0x08000b00   0x00000260   Code   RO         5190    i.DataTask          datatask.o
    0x08000d60   0x00000002   Code   RO          546    i.DebugMon_Handler  stm32g4xx_it.o
    0x08000d62   0x00000002   PAD
    0x08000d64   0x00000030   Code   RO         5111    i.Decimal_1         uart_task.o
    0x08000d94   0x00000034   Code   RO         5112    i.Decimal_2         uart_task.o
    0x08000dc8   0x0000000e   Code   RO          415    i.Delay_Us          tim.o
    0x08000dd6   0x00000056   Code   RO         5043    i.Ds18B20_CheckPulse  ds18b20.o
    0x08000e2c   0x00000022   Code   RO         5044    i.Ds18B20_Read_Byte  ds18b20.o
    0x08000e4e   0x00000002   PAD
    0x08000e50   0x0000005a   Code   RO         5045    i.Ds18B20_Write_Byte  ds18b20.o
    0x08000eaa   0x00000002   PAD
    0x08000eac   0x00000070   Code   RO         5046    i.Ds18b20_Get_Temp  ds18b20.o
    0x08000f1c   0x0000003a   Code   RO         5047    i.Ds18b20_Read_Bit  ds18b20.o
    0x08000f56   0x00000030   Code   RO         5048    i.Ds18b20_Reset     ds18b20.o
    0x08000f86   0x00000004   Code   RO          177    i.Error_Handler     main.o
    0x08000f8a   0x00000002   PAD
    0x08000f8c   0x0000015c   Code   RO          939    i.HAL_ADCEx_MultiModeConfigChannel  stm32g4xx_hal_adc_ex.o
    0x080010e8   0x0000045c   Code   RO          691    i.HAL_ADC_ConfigChannel  stm32g4xx_hal_adc.o
    0x08001544   0x00000006   Code   RO          698    i.HAL_ADC_GetValue  stm32g4xx_hal_adc.o
    0x0800154a   0x00000002   PAD
    0x0800154c   0x00000238   Code   RO          700    i.HAL_ADC_Init      stm32g4xx_hal_adc.o
    0x08001784   0x000000e0   Code   RO          301    i.HAL_ADC_MspInit   adc.o
    0x08001864   0x00000140   Code   RO          704    i.HAL_ADC_PollForConversion  stm32g4xx_hal_adc.o
    0x080019a4   0x00000138   Code   RO          706    i.HAL_ADC_Start     stm32g4xx_hal_adc.o
    0x08001adc   0x0000006a   Code   RO         1983    i.HAL_DMA_Abort     stm32g4xx_hal_dma.o
    0x08001b46   0x00000078   Code   RO         1984    i.HAL_DMA_Abort_IT  stm32g4xx_hal_dma.o
    0x08001bbe   0x00000004   Code   RO         1986    i.HAL_DMA_GetError  stm32g4xx_hal_dma.o
    0x08001bc2   0x000000ba   Code   RO         1988    i.HAL_DMA_IRQHandler  stm32g4xx_hal_dma.o
    0x08001c7c   0x000000c0   Code   RO         1989    i.HAL_DMA_Init      stm32g4xx_hal_dma.o
    0x08001d3c   0x0000008c   Code   RO         1993    i.HAL_DMA_Start_IT  stm32g4xx_hal_dma.o
    0x08001dc8   0x00000248   Code   RO         1845    i.HAL_GPIO_Init     stm32g4xx_hal_gpio.o
    0x08002010   0x0000000a   Code   RO         1847    i.HAL_GPIO_ReadPin  stm32g4xx_hal_gpio.o
    0x0800201a   0x00000010   Code   RO         1848    i.HAL_GPIO_TogglePin  stm32g4xx_hal_gpio.o
    0x0800202a   0x0000000a   Code   RO         1849    i.HAL_GPIO_WritePin  stm32g4xx_hal_gpio.o
    0x08002034   0x0000000c   Code   RO         1142    i.HAL_GetTick       stm32g4xx_hal.o
    0x08002040   0x00000056   Code   RO         3084    i.HAL_I2CEx_ConfigAnalogFilter  stm32g4xx_hal_i2c_ex.o
    0x08002096   0x00000052   Code   RO         3085    i.HAL_I2CEx_ConfigDigitalFilter  stm32g4xx_hal_i2c_ex.o
    0x080020e8   0x000000b8   Code   RO         2633    i.HAL_I2C_Init      stm32g4xx_hal_i2c.o
    0x080021a0   0x00000124   Code   RO         2639    i.HAL_I2C_Master_Receive  stm32g4xx_hal_i2c.o
    0x080022c4   0x00000124   Code   RO         2646    i.HAL_I2C_Master_Transmit  stm32g4xx_hal_i2c.o
    0x080023e8   0x000000a4   Code   RO          374    i.HAL_I2C_MspInit   i2c.o
    0x0800248c   0x00000010   Code   RO         1145    i.HAL_IncTick       stm32g4xx_hal.o
    0x0800249c   0x0000001e   Code   RO         1146    i.HAL_Init          stm32g4xx_hal.o
    0x080024ba   0x00000002   PAD
    0x080024bc   0x00000044   Code   RO         1147    i.HAL_InitTick      stm32g4xx_hal.o
    0x08002500   0x00000030   Code   RO          660    i.HAL_MspInit       stm32g4xx_hal_msp.o
    0x08002530   0x0000001a   Code   RO         2492    i.HAL_NVIC_EnableIRQ  stm32g4xx_hal_cortex.o
    0x0800254a   0x00000002   PAD
    0x0800254c   0x00000040   Code   RO         2498    i.HAL_NVIC_SetPriority  stm32g4xx_hal_cortex.o
    0x0800258c   0x00000024   Code   RO         2499    i.HAL_NVIC_SetPriorityGrouping  stm32g4xx_hal_cortex.o
    0x080025b0   0x000000bc   Code   RO         2248    i.HAL_PWREx_ControlVoltageScaling  stm32g4xx_hal_pwr_ex.o
    0x0800266c   0x00000010   Code   RO         2260    i.HAL_PWREx_DisableUCPDDeadBattery  stm32g4xx_hal_pwr_ex.o
    0x0800267c   0x00000300   Code   RO         1491    i.HAL_RCCEx_PeriphCLKConfig  stm32g4xx_hal_rcc_ex.o
    0x0800297c   0x000001dc   Code   RO         1366    i.HAL_RCC_ClockConfig  stm32g4xx_hal_rcc.o
    0x08002b58   0x00000024   Code   RO         1374    i.HAL_RCC_GetPCLK1Freq  stm32g4xx_hal_rcc.o
    0x08002b7c   0x00000024   Code   RO         1375    i.HAL_RCC_GetPCLK2Freq  stm32g4xx_hal_rcc.o
    0x08002ba0   0x0000006c   Code   RO         1376    i.HAL_RCC_GetSysClockFreq  stm32g4xx_hal_rcc.o
    0x08002c0c   0x0000040c   Code   RO         1379    i.HAL_RCC_OscConfig  stm32g4xx_hal_rcc.o
    0x08003018   0x00000028   Code   RO         2503    i.HAL_SYSTICK_Config  stm32g4xx_hal_cortex.o
    0x08003040   0x00000002   Code   RO         3854    i.HAL_TIMEx_Break2Callback  stm32g4xx_hal_tim_ex.o
    0x08003042   0x00000002   Code   RO         3855    i.HAL_TIMEx_BreakCallback  stm32g4xx_hal_tim_ex.o
    0x08003044   0x00000002   Code   RO         3856    i.HAL_TIMEx_CommutCallback  stm32g4xx_hal_tim_ex.o
    0x08003046   0x00000002   Code   RO         3867    i.HAL_TIMEx_DirectionChangeCallback  stm32g4xx_hal_tim_ex.o
    0x08003048   0x00000002   Code   RO         3881    i.HAL_TIMEx_EncoderIndexCallback  stm32g4xx_hal_tim_ex.o
    0x0800304a   0x00000002   Code   RO         3895    i.HAL_TIMEx_IndexErrorCallback  stm32g4xx_hal_tim_ex.o
    0x0800304c   0x000000b8   Code   RO         3896    i.HAL_TIMEx_MasterConfigSynchronization  stm32g4xx_hal_tim_ex.o
    0x08003104   0x00000002   Code   RO         3917    i.HAL_TIMEx_TransitionErrorCallback  stm32g4xx_hal_tim_ex.o
    0x08003106   0x00000062   Code   RO         3140    i.HAL_TIM_Base_Init  stm32g4xx_hal_tim.o
    0x08003168   0x000000a8   Code   RO          417    i.HAL_TIM_Base_MspInit  tim.o
    0x08003210   0x0000008c   Code   RO         3145    i.HAL_TIM_Base_Start_IT  stm32g4xx_hal_tim.o
    0x0800329c   0x000000f0   Code   RO         3149    i.HAL_TIM_ConfigClockSource  stm32g4xx_hal_tim.o
    0x0800338c   0x00000002   Code   RO         3170    i.HAL_TIM_ErrorCallback  stm32g4xx_hal_tim.o
    0x0800338e   0x00000002   Code   RO         3174    i.HAL_TIM_IC_CaptureCallback  stm32g4xx_hal_tim.o
    0x08003390   0x000001fc   Code   RO         3188    i.HAL_TIM_IRQHandler  stm32g4xx_hal_tim.o
    0x0800358c   0x00000078   Code   RO          418    i.HAL_TIM_MspPostInit  tim.o
    0x08003604   0x00000002   Code   RO         3191    i.HAL_TIM_OC_DelayElapsedCallback  stm32g4xx_hal_tim.o
    0x08003606   0x00000124   Code   RO         3212    i.HAL_TIM_PWM_ConfigChannel  stm32g4xx_hal_tim.o
    0x0800372a   0x00000062   Code   RO         3215    i.HAL_TIM_PWM_Init  stm32g4xx_hal_tim.o
    0x0800378c   0x00000002   Code   RO         3217    i.HAL_TIM_PWM_MspInit  stm32g4xx_hal_tim.o
    0x0800378e   0x00000002   Code   RO         3218    i.HAL_TIM_PWM_PulseFinishedCallback  stm32g4xx_hal_tim.o
    0x08003790   0x00000002   Code   RO         3219    i.HAL_TIM_PWM_PulseFinishedHalfCpltCallback  stm32g4xx_hal_tim.o
    0x08003792   0x00000002   PAD
    0x08003794   0x00000114   Code   RO         3220    i.HAL_TIM_PWM_Start  stm32g4xx_hal_tim.o
    0x080038a8   0x00000214   Code   RO         3221    i.HAL_TIM_PWM_Start_DMA  stm32g4xx_hal_tim.o
    0x08003abc   0x0000010c   Code   RO          419    i.HAL_TIM_PeriodElapsedCallback  tim.o
    0x08003bc8   0x00000002   Code   RO         3231    i.HAL_TIM_TriggerCallback  stm32g4xx_hal_tim.o
    0x08003bca   0x0000003e   Code   RO         4703    i.HAL_UARTEx_DisableFifoMode  stm32g4xx_hal_uart_ex.o
    0x08003c08   0x00000002   Code   RO         4292    i.HAL_UARTEx_RxEventCallback  stm32g4xx_hal_uart.o
    0x08003c0a   0x00000002   Code   RO         4710    i.HAL_UARTEx_RxFifoFullCallback  stm32g4xx_hal_uart_ex.o
    0x08003c0c   0x0000004c   Code   RO         4711    i.HAL_UARTEx_SetRxFifoThreshold  stm32g4xx_hal_uart_ex.o
    0x08003c58   0x0000004c   Code   RO         4712    i.HAL_UARTEx_SetTxFifoThreshold  stm32g4xx_hal_uart_ex.o
    0x08003ca4   0x00000002   Code   RO         4714    i.HAL_UARTEx_TxFifoEmptyCallback  stm32g4xx_hal_uart_ex.o
    0x08003ca6   0x00000002   Code   RO         4715    i.HAL_UARTEx_WakeupCallback  stm32g4xx_hal_uart_ex.o
    0x08003ca8   0x00000090   Code   RO         4304    i.HAL_UART_DMAStop  stm32g4xx_hal_uart.o
    0x08003d38   0x00000002   Code   RO         4308    i.HAL_UART_ErrorCallback  stm32g4xx_hal_uart.o
    0x08003d3a   0x00000002   PAD
    0x08003d3c   0x000002e0   Code   RO         4311    i.HAL_UART_IRQHandler  stm32g4xx_hal_uart.o
    0x0800401c   0x0000006a   Code   RO         4312    i.HAL_UART_Init     stm32g4xx_hal_uart.o
    0x08004086   0x00000002   PAD
    0x08004088   0x000001bc   Code   RO          489    i.HAL_UART_MspInit  usart.o
    0x08004244   0x00000054   Code   RO         4316    i.HAL_UART_Receive_DMA  stm32g4xx_hal_uart.o
    0x08004298   0x00000054   Code   RO         4317    i.HAL_UART_Receive_IT  stm32g4xx_hal_uart.o
    0x080042ec   0x00000128   Code   RO         5113    i.HAL_UART_RxCpltCallback  uart_task.o
    0x08004414   0x00000002   Code   RO         4320    i.HAL_UART_RxHalfCpltCallback  stm32g4xx_hal_uart.o
    0x08004416   0x000000bc   Code   RO         4321    i.HAL_UART_Transmit  stm32g4xx_hal_uart.o
    0x080044d2   0x00000002   Code   RO         4324    i.HAL_UART_TxCpltCallback  stm32g4xx_hal_uart.o
    0x080044d4   0x00000048   Code   RO         5114    i.HMI_Printf_F_GuangZhao  uart_task.o
    0x0800451c   0x00000048   Code   RO         5115    i.HMI_Printf_F_HunZhuo  uart_task.o
    0x08004564   0x00000048   Code   RO         5116    i.HMI_Printf_F_TDS  uart_task.o
    0x080045ac   0x00000048   Code   RO         5117    i.HMI_Printf_F_WenDu  uart_task.o
    0x080045f4   0x00000002   Code   RO          547    i.HardFault_Handler  stm32g4xx_it.o
    0x080045f6   0x00000002   PAD
    0x080045f8   0x000000e8   Code   RO         5191    i.HunZhuo_Task      datatask.o
    0x080046e0   0x00000022   Code   RO         2680    i.I2C_Flush_TXDR    stm32g4xx_hal_i2c.o
    0x08004702   0x00000002   PAD
    0x08004704   0x0000011c   Code   RO         2688    i.I2C_IsErrorOccurred  stm32g4xx_hal_i2c.o
    0x08004820   0x00000030   Code   RO         2695    i.I2C_TransferConfig  stm32g4xx_hal_i2c.o
    0x08004850   0x00000058   Code   RO         2697    i.I2C_WaitOnFlagUntilTimeout  stm32g4xx_hal_i2c.o
    0x080048a8   0x0000009c   Code   RO         2698    i.I2C_WaitOnRXNEFlagUntilTimeout  stm32g4xx_hal_i2c.o
    0x08004944   0x0000004c   Code   RO         2699    i.I2C_WaitOnSTOPFlagUntilTimeout  stm32g4xx_hal_i2c.o
    0x08004990   0x00000050   Code   RO         2700    i.I2C_WaitOnTXISFlagUntilTimeout  stm32g4xx_hal_i2c.o
    0x080049e0   0x0000000c   Code   RO          714    i.LL_ADC_GetOffsetChannel  stm32g4xx_hal_adc.o
    0x080049ec   0x00000008   Code   RO          715    i.LL_ADC_INJ_IsConversionOngoing  stm32g4xx_hal_adc.o
    0x080049f4   0x00000008   Code   RO          716    i.LL_ADC_REG_IsConversionOngoing  stm32g4xx_hal_adc.o
    0x080049fc   0x00000008   Code   RO          949    i.LL_ADC_REG_IsConversionOngoing  stm32g4xx_hal_adc_ex.o
    0x08004a04   0x00000010   Code   RO          717    i.LL_ADC_REG_IsTriggerSourceSWStart  stm32g4xx_hal_adc.o
    0x08004a14   0x0000001e   Code   RO          719    i.LL_ADC_SetChannelSamplingTime  stm32g4xx_hal_adc.o
    0x08004a32   0x00000010   Code   RO          720    i.LL_ADC_SetOffsetState  stm32g4xx_hal_adc.o
    0x08004a42   0x00000002   PAD
    0x08004a44   0x00000090   Code   RO          302    i.MX_ADC1_Init      adc.o
    0x08004ad4   0x0000007c   Code   RO          303    i.MX_ADC2_Init      adc.o
    0x08004b50   0x0000005c   Code   RO          349    i.MX_DMA_Init       dma.o
    0x08004bac   0x000000a8   Code   RO          276    i.MX_GPIO_Init      gpio.o
    0x08004c54   0x00000058   Code   RO          375    i.MX_I2C1_Init      i2c.o
    0x08004cac   0x00000068   Code   RO          420    i.MX_TIM2_Init      tim.o
    0x08004d14   0x0000009c   Code   RO          421    i.MX_TIM3_Init      tim.o
    0x08004db0   0x00000098   Code   RO          422    i.MX_TIM4_Init      tim.o
    0x08004e48   0x00000068   Code   RO          490    i.MX_USART1_UART_Init  usart.o
    0x08004eb0   0x00000068   Code   RO          491    i.MX_USART2_UART_Init  usart.o
    0x08004f18   0x0000007c   Code   RO          492    i.MX_USART3_UART_Init  usart.o
    0x08004f94   0x00000002   Code   RO          548    i.MemManage_Handler  stm32g4xx_it.o
    0x08004f96   0x00000002   PAD
    0x08004f98   0x000000a4   Code   RO         4884    i.ModeFirst         ws2812b.o
    0x0800503c   0x000000a8   Code   RO         4885    i.ModeSecond        ws2812b.o
    0x080050e4   0x000000ac   Code   RO         4886    i.ModeThird         ws2812b.o
    0x08005190   0x000000b4   Code   RO         4887    i.Mode_RaninBow     ws2812b.o
    0x08005244   0x00000002   Code   RO          549    i.NMI_Handler       stm32g4xx_it.o
    0x08005246   0x00000002   PAD
    0x08005248   0x00000034   Code   RO         4888    i.OFFRGB            ws2812b.o
    0x0800527c   0x00000002   Code   RO          550    i.PendSV_Handler    stm32g4xx_it.o
    0x0800527e   0x00000002   PAD
    0x08005280   0x00000078   Code   RO         4969    i.SG90_Mode         sg90.o
    0x080052f8   0x0000000c   Code   RO         4970    i.SG90_Rotate       sg90.o
    0x08005304   0x00000002   Code   RO          551    i.SVC_Handler       stm32g4xx_it.o
    0x08005306   0x00000004   Code   RO          552    i.SysTick_Handler   stm32g4xx_it.o
    0x0800530a   0x0000006a   Code   RO          178    i.SystemClock_Config  main.o
    0x08005374   0x00000010   Code   RO         4816    i.SystemInit        system_stm32g4xx.o
    0x08005384   0x00000174   Code   RO         5192    i.TDS_Task          datatask.o
    0x080054f8   0x0000000c   Code   RO          553    i.TIM2_IRQHandler   stm32g4xx_it.o
    0x08005504   0x000000d4   Code   RO         3233    i.TIM_Base_SetConfig  stm32g4xx_hal_tim.o
    0x080055d8   0x0000001a   Code   RO         3234    i.TIM_CCxChannelCmd  stm32g4xx_hal_tim.o
    0x080055f2   0x0000005e   Code   RO         3237    i.TIM_DMADelayPulseCplt  stm32g4xx_hal_tim.o
    0x08005650   0x00000038   Code   RO         3238    i.TIM_DMADelayPulseHalfCplt  stm32g4xx_hal_tim.o
    0x08005688   0x00000054   Code   RO         3239    i.TIM_DMAError      stm32g4xx_hal_tim.o
    0x080056dc   0x00000014   Code   RO         3244    i.TIM_ETR_SetConfig  stm32g4xx_hal_tim.o
    0x080056f0   0x00000014   Code   RO         3245    i.TIM_ITRx_SetConfig  stm32g4xx_hal_tim.o
    0x08005704   0x000000ac   Code   RO         3246    i.TIM_OC1_SetConfig  stm32g4xx_hal_tim.o
    0x080057b0   0x000000a0   Code   RO         3247    i.TIM_OC2_SetConfig  stm32g4xx_hal_tim.o
    0x08005850   0x000000a0   Code   RO         3248    i.TIM_OC3_SetConfig  stm32g4xx_hal_tim.o
    0x080058f0   0x000000a0   Code   RO         3249    i.TIM_OC4_SetConfig  stm32g4xx_hal_tim.o
    0x08005990   0x00000078   Code   RO         3250    i.TIM_OC5_SetConfig  stm32g4xx_hal_tim.o
    0x08005a08   0x0000007c   Code   RO         3251    i.TIM_OC6_SetConfig  stm32g4xx_hal_tim.o
    0x08005a84   0x00000022   Code   RO         3253    i.TIM_TI1_ConfigInputStage  stm32g4xx_hal_tim.o
    0x08005aa6   0x00000024   Code   RO         3255    i.TIM_TI2_ConfigInputStage  stm32g4xx_hal_tim.o
    0x08005aca   0x00000002   PAD
    0x08005acc   0x00000044   Code   RO         4716    i.UARTEx_SetNbDataToProcess  stm32g4xx_hal_uart_ex.o
    0x08005b10   0x000000c8   Code   RO         4326    i.UART_AdvFeatureConfig  stm32g4xx_hal_uart.o
    0x08005bd8   0x00000060   Code   RO         4327    i.UART_CheckIdleState  stm32g4xx_hal_uart.o
    0x08005c38   0x00000014   Code   RO         4328    i.UART_DMAAbortOnError  stm32g4xx_hal_uart.o
    0x08005c4c   0x00000050   Code   RO         4329    i.UART_DMAError     stm32g4xx_hal_uart.o
    0x08005c9c   0x00000082   Code   RO         4330    i.UART_DMAReceiveCplt  stm32g4xx_hal_uart.o
    0x08005d1e   0x0000001c   Code   RO         4332    i.UART_DMARxHalfCplt  stm32g4xx_hal_uart.o
    0x08005d3a   0x00000002   PAD
    0x08005d3c   0x00000054   Code   RO         4338    i.UART_EndRxTransfer  stm32g4xx_hal_uart.o
    0x08005d90   0x0000002e   Code   RO         4339    i.UART_EndTxTransfer  stm32g4xx_hal_uart.o
    0x08005dbe   0x000000a2   Code   RO         4340    i.UART_RxISR_16BIT  stm32g4xx_hal_uart.o
    0x08005e60   0x00000174   Code   RO         4341    i.UART_RxISR_16BIT_FIFOEN  stm32g4xx_hal_uart.o
    0x08005fd4   0x000000a2   Code   RO         4342    i.UART_RxISR_8BIT   stm32g4xx_hal_uart.o
    0x08006076   0x00000002   PAD
    0x08006078   0x00000174   Code   RO         4343    i.UART_RxISR_8BIT_FIFOEN  stm32g4xx_hal_uart.o
    0x080061ec   0x00000298   Code   RO         4344    i.UART_SetConfig    stm32g4xx_hal_uart.o
    0x08006484   0x000000a4   Code   RO         4345    i.UART_Start_Receive_DMA  stm32g4xx_hal_uart.o
    0x08006528   0x00000118   Code   RO         4346    i.UART_Start_Receive_IT  stm32g4xx_hal_uart.o
    0x08006640   0x000000c6   Code   RO         4351    i.UART_WaitOnFlagUntilTimeout  stm32g4xx_hal_uart.o
    0x08006706   0x00000002   PAD
    0x08006708   0x0000000c   Code   RO          554    i.USART1_IRQHandler  stm32g4xx_it.o
    0x08006714   0x0000000c   Code   RO          555    i.USART2_IRQHandler  stm32g4xx_it.o
    0x08006720   0x00000040   Code   RO          556    i.USART3_IRQHandler  stm32g4xx_it.o
    0x08006760   0x00000002   Code   RO          557    i.UsageFault_Handler  stm32g4xx_it.o
    0x08006762   0x00000002   PAD
    0x08006764   0x00000020   Code   RO         5504    i.__0printf         mc_w.l(printfa.o)
    0x08006784   0x00000024   Code   RO         5509    i.__0vsnprintf      mc_w.l(printfa.o)
    0x080067a8   0x00000020   Code   RO         2505    i.__NVIC_SetPriority  stm32g4xx_hal_cortex.o
    0x080067c8   0x0000000e   Code   RO         5586    i.__scatterload_copy  mc_w.l(handlers.o)
    0x080067d6   0x00000002   Code   RO         5587    i.__scatterload_null  mc_w.l(handlers.o)
    0x080067d8   0x0000000e   Code   RO         5588    i.__scatterload_zeroinit  mc_w.l(handlers.o)
    0x080067e6   0x00000002   PAD
    0x080067e8   0x00000164   Code   RO         5511    i._fp_digits        mc_w.l(printfa.o)
    0x0800694c   0x000006dc   Code   RO         5512    i._printf_core      mc_w.l(printfa.o)
    0x08007028   0x00000024   Code   RO         5513    i._printf_post_padding  mc_w.l(printfa.o)
    0x0800704c   0x0000002e   Code   RO         5514    i._printf_pre_padding  mc_w.l(printfa.o)
    0x0800707a   0x00000016   Code   RO         5515    i._snputc           mc_w.l(printfa.o)
    0x08007090   0x00000018   Code   RO          179    i.fputc             main.o
    0x080070a8   0x0000009c   Code   RO          180    i.main              main.o
    0x08007144   0x0000003c   Code   RO           13    i.uart2_printf      my_printf.o
    0x08007180   0x0000003c   Code   RO           14    i.uart3_printf      my_printf.o
    0x080071bc   0x00000054   Code   RO         4893    i.ws2812_set_RGB    ws2812b.o
    0x08007210   0x00000018   Data   RO         4352    .constdata          stm32g4xx_hal_uart.o
    0x08007228   0x00000010   Data   RO         4717    .constdata          stm32g4xx_hal_uart_ex.o
    0x08007238   0x00000010   Data   RO         4817    .constdata          system_stm32g4xx.o
    0x08007248   0x00000008   Data   RO         4818    .constdata          system_stm32g4xx.o
    0x08007250   0x00000020   Data   RO         5584    Region$$Table       anon$$obj.o


    Execution Region RW_IRAM1 (Base: 0x20000000, Size: 0x00000f78, Max: 0x00020000, ABSOLUTE)

    Base Addr    Size         Type   Attr      Idx    E Section Name        Object

    0x20000000   0x00000004   Data   RW          305    .data               adc.o
    0x20000004   0x00000018   Data   RW          424    .data               tim.o
    0x2000001c   0x0000000c   Data   RW         1166    .data               stm32g4xx_hal.o
    0x20000028   0x00000004   Data   RW         4819    .data               system_stm32g4xx.o
    0x2000002c   0x00000002   Data   RW         4855    .data               lanya.o
    0x2000002e   0x0000000d   Data   RW         4895    .data               ws2812b.o
    0x2000003b   0x00000002   Data   RW         4971    .data               sg90.o
    0x2000003d   0x00000003   Data   RW         5118    .data               uart_task.o
    0x20000040   0x00000008   Data   RW         5193    .data               datatask.o
    0x20000048   0x00000004   Data   RW         5564    .data               mc_w.l(stdout.o)
    0x2000004c   0x000000d8   Zero   RW          304    .bss                adc.o
    0x20000124   0x0000004c   Zero   RW          376    .bss                i2c.o
    0x20000170   0x00000144   Zero   RW          423    .bss                tim.o
    0x200002b4   0x00000270   Zero   RW          493    .bss                usart.o
    0x20000524   0x00000014   Zero   RW         4854    .bss                lanya.o
    0x20000538   0x00000640   Zero   RW         4894    .bss                ws2812b.o
    0x20000b78   0x00000400   Zero   RW            1    STACK               startup_stm32g474xx.o


==============================================================================

Image component sizes


      Code (inc. data)   RO Data    RW Data    ZI Data      Debug   Object Name

       492         38          0          4        216       2762   adc.o
       108         20          0          0          0       1992   bh1750.o
      1262        272          0          8          0       4591   datatask.o
        92          4          0          0          0        870   dma.o
       484         16          0          0          0       5237   ds18b20.o
       168         10          0          0          0       1015   gpio.o
       252         26          0          0         76       1893   i2c.o
         0          0          0          2         20        602   lanya.o
       290         58          0          0          0       5104   main.o
       120         12          0          0          0     926443   my_printf.o
       132         44          0          2          0       1801   sg90.o
        36          8        472          0       1024        856   startup_stm32g474xx.o
       126         20          0         12          0       3813   stm32g4xx_hal.o
      2528        160          0          0          0      79287   stm32g4xx_hal_adc.o
       356         26          0          0          0      68871   stm32g4xx_hal_adc_ex.o
       198         14          0          0          0      33967   stm32g4xx_hal_cortex.o
       910         30          0          0          0       7369   stm32g4xx_hal_dma.o
       620         34          0          0          0       3756   stm32g4xx_hal_gpio.o
      1534         40          0          0          0      11374   stm32g4xx_hal_i2c.o
       168          0          0          0          0       1983   stm32g4xx_hal_i2c_ex.o
        48          6          0          0          0        906   stm32g4xx_hal_msp.o
       204         18          0          0          0       1449   stm32g4xx_hal_pwr_ex.o
      1692         88          0          0          0       6412   stm32g4xx_hal_rcc.o
       768         10          0          0          0       2004   stm32g4xx_hal_rcc_ex.o
      3676        348          0          0          0      24077   stm32g4xx_hal_tim.o
       198         34          0          0          0       5596   stm32g4xx_hal_tim_ex.o
      4408        144         24          0          0      43135   stm32g4xx_hal_uart.o
       288          6         16          0          0       5534   stm32g4xx_hal_uart_ex.o
       156         50          0          0          0       7929   stm32g4xx_it.o
        16          4         24          4          0       1195   system_stm32g4xx.o
       982         74          0         24        324       6062   tim.o
       684        228          0          3          0       5280   uart_task.o
       776         64          0          0        624       3690   usart.o
       820        110          0         13       1600       4820   ws2812b.o

    ----------------------------------------------------------------------
     24636       2016        568         72       3884    1281675   Object Totals
         0          0         32          0          0          0   (incl. Generated)
        44          0          0          0          0          0   (incl. Padding)

    ----------------------------------------------------------------------

      Code (inc. data)   RO Data    RW Data    ZI Data      Debug   Library Member Name

         0          0          0          0          0          0   entry.o
         0          0          0          0          0          0   entry10a.o
         0          0          0          0          0          0   entry11a.o
         8          4          0          0          0          0   entry2.o
         4          0          0          0          0          0   entry5.o
         0          0          0          0          0          0   entry7b.o
         0          0          0          0          0          0   entry8b.o
         8          4          0          0          0          0   entry9a.o
        30          0          0          0          0          0   handlers.o
        36          8          0          0          0         68   init.o
         0          0          0          0          0          0   iusefp.o
        30          0          0          0          0         68   llshl.o
        36          0          0          0          0         68   llsshr.o
        32          0          0          0          0         68   llushr.o
        36          0          0          0          0        108   memseta.o
      2284         94          0          0          0        592   printfa.o
         0          0          0          4          0          0   stdout.o
        44          0          0          0          0         80   uidiv.o
        98          0          0          0          0         92   uldiv.o
        48          0          0          0          0         68   cdrcmple.o
        56          0          0          0          0         88   d2f.o
       334          0          0          0          0        148   dadd.o
       222          0          0          0          0        100   ddiv.o
       186          0          0          0          0        176   depilogue.o
        62          0          0          0          0         80   dfixi.o
        50          0          0          0          0         76   dfixui.o
        48          0          0          0          0         68   dfixul.o
        34          0          0          0          0         76   dflti.o
        26          0          0          0          0         76   dfltui.o
       228          0          0          0          0         96   dmul.o
        38          0          0          0          0         68   f2d.o
       110          0          0          0          0        168   fepilogue.o

    ----------------------------------------------------------------------
      4092        110          0          4          0       2432   Library Totals
         4          0          0          0          0          0   (incl. Padding)

    ----------------------------------------------------------------------

      Code (inc. data)   RO Data    RW Data    ZI Data      Debug   Library Name

      2646        110          0          4          0       1144   mc_w.l
      1442          0          0          0          0       1288   mf_w.l

    ----------------------------------------------------------------------
      4092        110          0          4          0       2432   Library Totals

    ----------------------------------------------------------------------

==============================================================================


      Code (inc. data)   RO Data    RW Data    ZI Data      Debug   

     28728       2126        568         76       3884    1263763   Grand Totals
     28728       2126        568         76       3884    1263763   ELF Image Totals
     28728       2126        568         76          0          0   ROM Totals

==============================================================================

    Total RO  Size (Code + RO Data)                29296 (  28.61kB)
    Total RW  Size (RW Data + ZI Data)              3960 (   3.87kB)
    Total ROM Size (Code + RO Data + RW Data)      29372 (  28.68kB)

==============================================================================

